Archive member included to satisfy reference by file (symbol)

/Users/vivaanbahl/Buggy/BuggyBuddies/LPC Projects/nxp_lpcxpresso_11c24_board_lib/Debug/libnxp_lpcxpresso_11c24_board_lib.a(board.o)
                              ./src/fatfs_filesys.o (Board_UARTPutSTR)
/Users/vivaanbahl/Buggy/BuggyBuddies/LPC Projects/nxp_lpcxpresso_11c24_board_lib/Debug/libnxp_lpcxpresso_11c24_board_lib.a(board_sysinit.o)
                              ./src/sysinit.o (Board_SystemInit)
/Users/vivaanbahl/Buggy/BuggyBuddies/LPC Projects/lpc_chip_11cxx_lib/Debug/liblpc_chip_11cxx_lib.a(chip_11xx.o)
                              ./src/fatfs_filesys.o (SystemCoreClockUpdate)
/Users/vivaanbahl/Buggy/BuggyBuddies/LPC Projects/lpc_chip_11cxx_lib/Debug/liblpc_chip_11cxx_lib.a(clock_11xx.o)
                              /Users/vivaanbahl/Buggy/BuggyBuddies/LPC Projects/nxp_lpcxpresso_11c24_board_lib/Debug/libnxp_lpcxpresso_11c24_board_lib.a(board_sysinit.o) (Chip_Clock_SetSystemPLLSource)
/Users/vivaanbahl/Buggy/BuggyBuddies/LPC Projects/lpc_chip_11cxx_lib/Debug/liblpc_chip_11cxx_lib.a(gpio_11xx_2.o)
                              ./src/fatfs_filesys.o (Chip_GPIO_Init)
/Users/vivaanbahl/Buggy/BuggyBuddies/LPC Projects/lpc_chip_11cxx_lib/Debug/liblpc_chip_11cxx_lib.a(ssp_11xx.o)
                              ./source/diskio.o (Chip_SSP_RWFrames_Blocking)
/Users/vivaanbahl/Buggy/BuggyBuddies/LPC Projects/lpc_chip_11cxx_lib/Debug/liblpc_chip_11cxx_lib.a(sysctl_11xx.o)
                              /Users/vivaanbahl/Buggy/BuggyBuddies/LPC Projects/nxp_lpcxpresso_11c24_board_lib/Debug/libnxp_lpcxpresso_11c24_board_lib.a(board_sysinit.o) (Chip_SYSCTL_PowerDown)
/Users/vivaanbahl/Buggy/BuggyBuddies/LPC Projects/lpc_chip_11cxx_lib/Debug/liblpc_chip_11cxx_lib.a(uart_11xx.o)
                              ./src/fatfs_filesys.o (Chip_UART_Init)
/Users/vivaanbahl/Buggy/BuggyBuddies/LPC Projects/lpc_chip_11cxx_lib/Debug/liblpc_chip_11cxx_lib.a(ring_buffer.o)
                              /Users/vivaanbahl/Buggy/BuggyBuddies/LPC Projects/lpc_chip_11cxx_lib/Debug/liblpc_chip_11cxx_lib.a(uart_11xx.o) (RingBuffer_Insert)
/Applications/lpcxpresso_8.2.2_650/lpcxpresso/tools/bin/../lib/gcc/arm-none-eabi/5.4.1/../../../../arm-none-eabi/lib/armv6-m/libcr_c.a(memcpy.o)
                              /Users/vivaanbahl/Buggy/BuggyBuddies/LPC Projects/lpc_chip_11cxx_lib/Debug/liblpc_chip_11cxx_lib.a(ring_buffer.o) (memcpy)
/Applications/lpcxpresso_8.2.2_650/lpcxpresso/tools/bin/../lib/gcc/arm-none-eabi/5.4.1/../../../../arm-none-eabi/lib/armv6-m/libcr_c.a(__weak__main.o)
                              ./src/cr_startup_lpc11xx.o (__main)
/Applications/lpcxpresso_8.2.2_650/lpcxpresso/tools/bin/../lib/gcc/arm-none-eabi/5.4.1/../../../../arm-none-eabi/lib/armv6-m/libcr_c.a(alloc.o)
                              ./src/fatfs_filesys.o (malloc)
/Applications/lpcxpresso_8.2.2_650/lpcxpresso/tools/bin/../lib/gcc/arm-none-eabi/5.4.1/../../../../arm-none-eabi/lib/armv6-m/libcr_c.a(memset.o)
                              /Applications/lpcxpresso_8.2.2_650/lpcxpresso/tools/bin/../lib/gcc/arm-none-eabi/5.4.1/../../../../arm-none-eabi/lib/armv6-m/libcr_c.a(alloc.o) (memset)
/Applications/lpcxpresso_8.2.2_650/lpcxpresso/tools/bin/../lib/gcc/arm-none-eabi/5.4.1/../../../../arm-none-eabi/lib/armv6-m/libcr_c.a(__init_alloc.o)
                              /Applications/lpcxpresso_8.2.2_650/lpcxpresso/tools/bin/../lib/gcc/arm-none-eabi/5.4.1/../../../../arm-none-eabi/lib/armv6-m/libcr_c.a(alloc.o) (__heaps)
/Applications/lpcxpresso_8.2.2_650/lpcxpresso/tools/bin/../lib/gcc/arm-none-eabi/5.4.1/../../../../arm-none-eabi/lib/armv6-m/libcr_c.a(_cr_sbrk.o)
                              /Applications/lpcxpresso_8.2.2_650/lpcxpresso/tools/bin/../lib/gcc/arm-none-eabi/5.4.1/../../../../arm-none-eabi/lib/armv6-m/libcr_c.a(alloc.o) (_sbrk)
/Applications/lpcxpresso_8.2.2_650/lpcxpresso/tools/bin/../lib/gcc/arm-none-eabi/5.4.1/../../../../arm-none-eabi/lib/armv6-m/libcr_c.a(errno.o)
                              /Applications/lpcxpresso_8.2.2_650/lpcxpresso/tools/bin/../lib/gcc/arm-none-eabi/5.4.1/../../../../arm-none-eabi/lib/armv6-m/libcr_c.a(_cr_sbrk.o) (errno)
/Applications/lpcxpresso_8.2.2_650/lpcxpresso/tools/bin/../lib/gcc/arm-none-eabi/5.4.1/../../../../arm-none-eabi/lib/armv6-m/libcr_c.a(_cr_check_heap.o)
                              /Applications/lpcxpresso_8.2.2_650/lpcxpresso/tools/bin/../lib/gcc/arm-none-eabi/5.4.1/../../../../arm-none-eabi/lib/armv6-m/libcr_c.a(_cr_sbrk.o) (__check_heap_overflow)
/Applications/lpcxpresso_8.2.2_650/lpcxpresso/tools/bin/../lib/gcc/arm-none-eabi/5.4.1/armv6-m/libcr_eabihelpers.a(division_32.o)
                              ./source/ff.o (__aeabi_uidiv)
/Applications/lpcxpresso_8.2.2_650/lpcxpresso/tools/bin/../lib/gcc/arm-none-eabi/5.4.1/armv6-m/libcr_eabihelpers.a(division_idiv0.o)
[...]
Memory Configuration

Name             Origin             Length             Attributes
MFlash32         0x0000000000000000 0x0000000000008000 xr
RamLoc8          0x0000000010000000 0x0000000000002000 xrw
*default*        0x0000000000000000 0xffffffffffffffff

Linker script and memory map

LOAD ./src/cr_startup_lpc11xx.o
LOAD ./src/crp.o
LOAD ./src/fatfs_filesys.o
LOAD ./src/sysinit.o
LOAD ./source/diskio.o
LOAD ./source/ff.o
LOAD ./source/ffsystem.o
LOAD ./source/ffunicode.o
LOAD /Users/vivaanbahl/Buggy/BuggyBuddies/LPC Projects/nxp_lpcxpresso_11c24_board_lib/Debug/libnxp_lpcxpresso_11c24_board_lib.a
LOAD /Users/vivaanbahl/Buggy/BuggyBuddies/LPC Projects/lpc_chip_11cxx_lib/Debug/liblpc_chip_11cxx_lib.a
START GROUP
LOAD /Applications/lpcxpresso_8.2.2_650/lpcxpresso/tools/bin/../lib/gcc/arm-none-eabi/5.4.1/../../../../arm-none-eabi/lib/armv6-m/libcr_c.a
LOAD /Applications/lpcxpresso_8.2.2_650/lpcxpresso/tools/bin/../lib/gcc/arm-none-eabi/5.4.1/armv6-m/libcr_eabihelpers.a
END GROUP
                0x0000000000000000                __base_MFlash32 = 0x0
                0x0000000000000000                __base_Flash = 0x0
                0x0000000000008000                __top_MFlash32 = 0x8000
                0x0000000000008000                __top_Flash = 0x8000
                0x0000000010000000                __base_RamLoc8 = 0x10000000
                0x0000000010000000                __base_RAM = 0x10000000
                0x0000000010002000                __top_RamLoc8 = 0x10002000
                0x0000000010002000                __top_RAM = 0x10002000

.text           0x0000000000000000     0x3ed0
 FILL mask 0xff
                0x0000000000000000                __vectors_start__ = ABSOLUTE (.)
 *(.isr_vector)
 .isr_vector    0x0000000000000000       0xc0 ./src/cr_startup_lpc11xx.o
                0x0000000000000000                g_pfnVectors
                0x00000000000000c0                . = ALIGN (0x4)
                0x00000000000000c0                __section_table_start = .
                0x00000000000000c0                __data_section_table = .
                0x00000000000000c0        0x4 LONG 0x3ed0 LOADADDR (.data)
                0x00000000000000c4        0x4 LONG 0x10000000 ADDR (.data)
                0x00000000000000c8        0x4 LONG 0x0 SIZEOF (.data)
                0x00000000000000cc                __data_section_table_end = .
                0x00000000000000cc                __bss_section_table = .
                0x00000000000000cc        0x4 LONG 0x10000000 ADDR (.bss)
                0x00000000000000d0        0x4 LONG 0x1a28 SIZEOF (.bss)
                0x00000000000000d4                __bss_section_table_end = .
                0x00000000000000d4                __section_table_end = .
 *(.after_vectors*)
 .after_vectors
                0x00000000000000d4      0x124 ./src/cr_startup_lpc11xx.o
                0x00000000000000d4                data_init
                0x0000000000000114                bss_init
                0x0000000000000148                ResetISR
                0x00000000000001c8                NMI_Handler
                0x00000000000001d0                HardFault_Handler
                0x00000000000001d8                SVC_Handler
                0x00000000000001e0                PendSV_Handler
                0x00000000000001e8                SysTick_Handler
                0x00000000000001f0                TIMER16_1_IRQHandler
                0x00000000000001f0                ADC_IRQHandler
                0x00000000000001f0                SSP1_IRQHandler
                0x00000000000001f0                PIOINT2_IRQHandler
                0x00000000000001f0                BOD_IRQHandler
                0x00000000000001f0                WAKEUP_IRQHandler
                0x00000000000001f0                PIOINT0_IRQHandler
                0x00000000000001f0                I2C_IRQHandler
                0x00000000000001f0                WDT_IRQHandler
                0x00000000000001f0                TIMER16_0_IRQHandler
                0x00000000000001f0                PIOINT3_IRQHandler
                0x00000000000001f0                UART_IRQHandler
                0x00000000000001f0                TIMER32_0_IRQHandler
                0x00000000000001f0                TIMER32_1_IRQHandler
                0x00000000000001f0                IntDefaultHandler
                0x00000000000001f0                PIOINT1_IRQHandler
                0x00000000000001f0                CAN_IRQHandler
                0x00000000000001f0                SSP0_IRQHandler
                0x00000000000002fc                . = 0x2fc
 *fill*         0x00000000000001f8      0x104 ff
                0x00000000000002fc                PROVIDE (__CRP_WORD_START__, .)
 *(.crp)
 .crp           0x00000000000002fc        0x4 ./src/crp.o
                0x00000000000002fc                CRP_WORD
                0x0000000000000300                PROVIDE (__CRP_WORD_END__, .)
                0x0000000000000001                ASSERT (! ((__CRP_WORD_START__ == __CRP_WORD_END__)), Linker CRP Enabled, but no CRP_WORD provided within application)
 *(.text*)
 .text.Chip_IOCON_PinMuxSet
                0x0000000000000300       0x28 ./src/fatfs_filesys.o
 .text.Chip_IOCON_PinLocSel
                0x0000000000000328       0x30 ./src/fatfs_filesys.o
 .text.Chip_UART_TXEnable
                0x0000000000000358       0x18 ./src/fatfs_filesys.o
 .text.Chip_UART_SetupFIFOS
                0x0000000000000370       0x18 ./src/fatfs_filesys.o
 .text.Chip_UART_ConfigData
                0x0000000000000388       0x18 ./src/fatfs_filesys.o
 .text.Chip_SSP_Enable
                0x00000000000003a0       0x1c ./src/fatfs_filesys.o
 .text.Chip_SSP_SetFormat
                0x00000000000003bc       0x30 ./src/fatfs_filesys.o
 .text.init_spi_pins
                0x00000000000003ec       0x60 ./src/fatfs_filesys.o
                0x00000000000003ec                init_spi_pins
 .text.main     0x000000000000044c      0x12c ./src/fatfs_filesys.o
                0x000000000000044c                main
 .text.SystemInit
                0x0000000000000578       0x10 ./src/sysinit.o
                0x0000000000000578                SystemInit
 .text.Chip_IOCON_PinMuxSet
                0x0000000000000588       0x28 ./source/diskio.o
 .text.Chip_GPIO_SetPinDIROutput
                0x00000000000005b0       0x4c ./source/diskio.o
 .text.Chip_GPIO_SetPinOutHigh
                0x00000000000005fc       0x44 ./source/diskio.o
 .text.Chip_GPIO_SetPinOutLow
                0x0000000000000640       0x3c ./source/diskio.o
 .text.disk_status
                0x000000000000067c       0xb8 ./source/diskio.o
                0x000000000000067c                disk_status
 .text.disk_initialize
                0x0000000000000734      0x28c ./source/diskio.o
                0x0000000000000734                disk_initialize
 .text.disk_read
                0x00000000000009c0      0x130 ./source/diskio.o
                0x00000000000009c0                disk_read
 .text.disk_write
                0x0000000000000af0       0x54 ./source/diskio.o
                0x0000000000000af0                disk_write
 .text.disk_ioctl
                0x0000000000000b44       0x54 ./source/diskio.o
                0x0000000000000b44                disk_ioctl
 .text.ld_word  0x0000000000000b98       0x3c ./source/ff.o
 .text.ld_dword
                0x0000000000000bd4       0x44 ./source/ff.o
 .text.st_word  0x0000000000000c18       0x3c ./source/ff.o
 .text.st_dword
                0x0000000000000c54       0x54 ./source/ff.o
 .text.mem_cpy  0x0000000000000ca8       0x40 ./source/ff.o
 .text.mem_set  0x0000000000000ce8       0x30 ./source/ff.o
 .text.mem_cmp  0x0000000000000d18       0x4c ./source/ff.o
 .text.chk_chr  0x0000000000000d64       0x34 ./source/ff.o
 .text.dbc_1st  0x0000000000000d98       0x48 ./source/ff.o
 .text.dbc_2nd  0x0000000000000de0       0x60 ./source/ff.o
 .text.sync_window
                0x0000000000000e40       0x84 ./source/ff.o
 .text.move_window
                0x0000000000000ec4       0x70 ./source/ff.o
 .text.sync_fs  0x0000000000000f34       0xfc ./source/ff.o
 .text.clst2sect
                0x0000000000001030       0x38 ./source/ff.o
 .text.get_fat  0x0000000000001068      0x154 ./source/ff.o
 .text.put_fat  0x00000000000011bc      0x20c ./source/ff.o
 .text.remove_chain
                0x00000000000013c8       0xf0 ./source/ff.o
 .text.create_chain
                0x00000000000014b8      0x1c8 ./source/ff.o
 .text.dir_clear
                0x0000000000001680       0x94 ./source/ff.o
 .text.dir_sdi  0x0000000000001714      0x100 ./source/ff.o
 .text.dir_next
                0x0000000000001814      0x130 ./source/ff.o
 .text.dir_alloc
                0x0000000000001944       0xb8 ./source/ff.o
 .text.ld_clust
                0x00000000000019fc       0x40 ./source/ff.o
 .text.st_clust
                0x0000000000001a3c       0x40 ./source/ff.o
 .text.dir_find
                0x0000000000001a7c       0xdc ./source/ff.o
 .text.dir_register
                0x0000000000001b58       0x7c ./source/ff.o
 .text.create_name
                0x0000000000001bd4      0x1b0 ./source/ff.o
 .text.follow_path
                0x0000000000001d84      0x114 ./source/ff.o
 .text.get_ldnumber
                0x0000000000001e98       0x8c ./source/ff.o
 .text.check_fs
                0x0000000000001f24       0xac ./source/ff.o
 .text.find_volume
                0x0000000000001fd0      0x508 ./source/ff.o
 .text.validate
                0x00000000000024d8       0x7c ./source/ff.o
 .text.f_mount  0x0000000000002554       0x8c ./source/ff.o
                0x0000000000002554                f_mount
 .text.f_open   0x00000000000025e0      0x38c ./source/ff.o
                0x00000000000025e0                f_open
 .text.f_read   0x000000000000296c      0x270 ./source/ff.o
                0x000000000000296c                f_read
 .text.f_sync   0x0000000000002bdc      0x118 ./source/ff.o
                0x0000000000002bdc                f_sync
 .text.f_close  0x0000000000002cf4       0x58 ./source/ff.o
                0x0000000000002cf4                f_close
 .text.Chip_GPIO_SetPinState
                0x0000000000002d4c       0x4c /Users/vivaanbahl/Buggy/BuggyBuddies/LPC Projects/nxp_lpcxpresso_11c24_board_lib/Debug/libnxp_lpcxpresso_11c24_board_lib.a(board.o)
 .text.Chip_GPIO_SetPinDIROutput
                0x0000000000002d98       0x4c /Users/vivaanbahl/Buggy/BuggyBuddies/LPC Projects/nxp_lpcxpresso_11c24_board_lib/Debug/libnxp_lpcxpresso_11c24_board_lib.a(board.o)
 .text.Board_UARTPutChar
                0x0000000000002de4       0x24 /Users/vivaanbahl/Buggy/BuggyBuddies/LPC Projects/nxp_lpcxpresso_11c24_board_lib/Debug/libnxp_lpcxpresso_11c24_board_lib.a(board.o)
                0x0000000000002de4                Board_UARTPutChar
 .text.Board_UARTPutSTR
                0x0000000000002e08       0x28 /Users/vivaanbahl/Buggy/BuggyBuddies/LPC Projects/nxp_lpcxpresso_11c24_board_lib/Debug/libnxp_lpcxpresso_11c24_board_lib.a(board.o)
                0x0000000000002e08                Board_UARTPutSTR
 .text.Board_LED_Init
                0x0000000000002e30       0x18 /Users/vivaanbahl/Buggy/BuggyBuddies/LPC Projects/nxp_lpcxpresso_11c24_board_lib/Debug/libnxp_lpcxpresso_11c24_board_lib.a(board.o)
 .text.Board_LED_Set
                0x0000000000002e48       0x34 /Users/vivaanbahl/Buggy/BuggyBuddies/LPC Projects/nxp_lpcxpresso_11c24_board_lib/Debug/libnxp_lpcxpresso_11c24_board_lib.a(board.o)
                0x0000000000002e48                Board_LED_Set
 .text.Board_Init
                0x0000000000002e7c       0x18 /Users/vivaanbahl/Buggy/BuggyBuddies/LPC Projects/nxp_lpcxpresso_11c24_board_lib/Debug/libnxp_lpcxpresso_11c24_board_lib.a(board.o)
                0x0000000000002e7c                Board_Init
 .text.Chip_FMC_SetFLASHAccess
                0x0000000000002e94       0x30 /Users/vivaanbahl/Buggy/BuggyBuddies/LPC Projects/nxp_lpcxpresso_11c24_board_lib/Debug/libnxp_lpcxpresso_11c24_board_lib.a(board_sysinit.o)
 .text.Chip_Clock_SetupSystemPLL
                0x0000000000002ec4       0x38 /Users/vivaanbahl/Buggy/BuggyBuddies/LPC Projects/nxp_lpcxpresso_11c24_board_lib/Debug/libnxp_lpcxpresso_11c24_board_lib.a(board_sysinit.o)
 .text.Chip_Clock_IsSystemPLLLocked
                0x0000000000002efc       0x1c /Users/vivaanbahl/Buggy/BuggyBuddies/LPC Projects/nxp_lpcxpresso_11c24_board_lib/Debug/libnxp_lpcxpresso_11c24_board_lib.a(board_sysinit.o)
 .text.Chip_Clock_SetSysClockDiv
                0x0000000000002f18       0x1c /Users/vivaanbahl/Buggy/BuggyBuddies/LPC Projects/nxp_lpcxpresso_11c24_board_lib/Debug/libnxp_lpcxpresso_11c24_board_lib.a(board_sysinit.o)
 .text.Chip_Clock_EnablePeriphClock
                0x0000000000002f34       0x30 /Users/vivaanbahl/Buggy/BuggyBuddies/LPC Projects/nxp_lpcxpresso_11c24_board_lib/Debug/libnxp_lpcxpresso_11c24_board_lib.a(board_sysinit.o)
 .text.Chip_IOCON_PinMuxSet
                0x0000000000002f64       0x28 /Users/vivaanbahl/Buggy/BuggyBuddies/LPC Projects/nxp_lpcxpresso_11c24_board_lib/Debug/libnxp_lpcxpresso_11c24_board_lib.a(board_sysinit.o)
 .text.SystemSetupClocking
                0x0000000000002f8c       0x68 /Users/vivaanbahl/Buggy/BuggyBuddies/LPC Projects/nxp_lpcxpresso_11c24_board_lib/Debug/libnxp_lpcxpresso_11c24_board_lib.a(board_sysinit.o)
 .text.SystemSetupMuxing
                0x0000000000002ff4       0x4c /Users/vivaanbahl/Buggy/BuggyBuddies/LPC Projects/nxp_lpcxpresso_11c24_board_lib/Debug/libnxp_lpcxpresso_11c24_board_lib.a(board_sysinit.o)
 .text.Board_SystemInit
                0x0000000000003040       0x14 /Users/vivaanbahl/Buggy/BuggyBuddies/LPC Projects/nxp_lpcxpresso_11c24_board_lib/Debug/libnxp_lpcxpresso_11c24_board_lib.a(board_sysinit.o)
                0x0000000000003040                Board_SystemInit
 .text.SystemCoreClockUpdate
                0x0000000000003054       0x18 /Users/vivaanbahl/Buggy/BuggyBuddies/LPC Projects/lpc_chip_11cxx_lib/Debug/liblpc_chip_11cxx_lib.a(chip_11xx.o)
                0x0000000000003054                SystemCoreClockUpdate
 .text.Chip_Clock_GetMainOscRate
                0x000000000000306c       0x14 /Users/vivaanbahl/Buggy/BuggyBuddies/LPC Projects/lpc_chip_11cxx_lib/Debug/liblpc_chip_11cxx_lib.a(clock_11xx.o)
 .text.Chip_Clock_GetIntOscRate
                0x0000000000003080       0x10 /Users/vivaanbahl/Buggy/BuggyBuddies/LPC Projects/lpc_chip_11cxx_lib/Debug/liblpc_chip_11cxx_lib.a(clock_11xx.o)
 .text.Chip_Clock_GetWDTLFORate
                0x0000000000003090       0x48 /Users/vivaanbahl/Buggy/BuggyBuddies/LPC Projects/lpc_chip_11cxx_lib/Debug/liblpc_chip_11cxx_lib.a(clock_11xx.o)
 .text.Chip_Clock_GetPLLFreq
                0x00000000000030d8       0x24 /Users/vivaanbahl/Buggy/BuggyBuddies/LPC Projects/lpc_chip_11cxx_lib/Debug/liblpc_chip_11cxx_lib.a(clock_11xx.o)
 .text.Chip_Clock_SetSystemPLLSource
                0x00000000000030fc       0x2c /Users/vivaanbahl/Buggy/BuggyBuddies/LPC Projects/lpc_chip_11cxx_lib/Debug/liblpc_chip_11cxx_lib.a(clock_11xx.o)
                0x00000000000030fc                Chip_Clock_SetSystemPLLSource
 .text.Chip_Clock_SetMainClockSource
                0x0000000000003128       0x2c /Users/vivaanbahl/Buggy/BuggyBuddies/LPC Projects/lpc_chip_11cxx_lib/Debug/liblpc_chip_11cxx_lib.a(clock_11xx.o)
                0x0000000000003128                Chip_Clock_SetMainClockSource
 .text.Chip_Clock_GetWDTOSCRate
                0x0000000000003154       0x1c /Users/vivaanbahl/Buggy/BuggyBuddies/LPC Projects/lpc_chip_11cxx_lib/Debug/liblpc_chip_11cxx_lib.a(clock_11xx.o)
                0x0000000000003154                Chip_Clock_GetWDTOSCRate
 .text.Chip_Clock_GetSystemPLLInClockRate
                0x0000000000003170       0x40 /Users/vivaanbahl/Buggy/BuggyBuddies/LPC Projects/lpc_chip_11cxx_lib/Debug/liblpc_chip_11cxx_lib.a(clock_11xx.o)
                0x0000000000003170                Chip_Clock_GetSystemPLLInClockRate
 .text.Chip_Clock_GetSystemPLLOutClockRate
                0x00000000000031b0       0x24 /Users/vivaanbahl/Buggy/BuggyBuddies/LPC Projects/lpc_chip_11cxx_lib/Debug/liblpc_chip_11cxx_lib.a(clock_11xx.o)
                0x00000000000031b0                Chip_Clock_GetSystemPLLOutClockRate
 .text.Chip_Clock_GetMainClockRate
                0x00000000000031d4       0x60 /Users/vivaanbahl/Buggy/BuggyBuddies/LPC Projects/lpc_chip_11cxx_lib/Debug/liblpc_chip_11cxx_lib.a(clock_11xx.o)
                0x00000000000031d4                Chip_Clock_GetMainClockRate
 .text.Chip_Clock_GetSystemClockRate
                0x0000000000003234       0x24 /Users/vivaanbahl/Buggy/BuggyBuddies/LPC Projects/lpc_chip_11cxx_lib/Debug/liblpc_chip_11cxx_lib.a(clock_11xx.o)
                0x0000000000003234                Chip_Clock_GetSystemClockRate
 .text.Chip_Clock_EnablePeriphClock
                0x0000000000003258       0x30 /Users/vivaanbahl/Buggy/BuggyBuddies/LPC Projects/lpc_chip_11cxx_lib/Debug/liblpc_chip_11cxx_lib.a(gpio_11xx_2.o)
 .text.Chip_GPIO_Init
                0x0000000000003288       0x18 /Users/vivaanbahl/Buggy/BuggyBuddies/LPC Projects/lpc_chip_11cxx_lib/Debug/liblpc_chip_11cxx_lib.a(gpio_11xx_2.o)
                0x0000000000003288                Chip_GPIO_Init
 .text.Chip_SYSCTL_AssertPeriphReset
                0x00000000000032a0       0x30 /Users/vivaanbahl/Buggy/BuggyBuddies/LPC Projects/lpc_chip_11cxx_lib/Debug/liblpc_chip_11cxx_lib.a(ssp_11xx.o)
 .text.Chip_SYSCTL_DeassertPeriphReset
                0x00000000000032d0       0x2c /Users/vivaanbahl/Buggy/BuggyBuddies/LPC Projects/lpc_chip_11cxx_lib/Debug/liblpc_chip_11cxx_lib.a(ssp_11xx.o)
 .text.Chip_SYSCTL_PeriphReset
                0x00000000000032fc       0x28 /Users/vivaanbahl/Buggy/BuggyBuddies/LPC Projects/lpc_chip_11cxx_lib/Debug/liblpc_chip_11cxx_lib.a(ssp_11xx.o)
 .text.Chip_Clock_EnablePeriphClock
                0x0000000000003324       0x30 /Users/vivaanbahl/Buggy/BuggyBuddies/LPC Projects/lpc_chip_11cxx_lib/Debug/liblpc_chip_11cxx_lib.a(ssp_11xx.o)
 .text.Chip_Clock_SetSSP0ClockDiv
                0x0000000000003354       0x1c /Users/vivaanbahl/Buggy/BuggyBuddies/LPC Projects/lpc_chip_11cxx_lib/Debug/liblpc_chip_11cxx_lib.a(ssp_11xx.o)
 .text.Chip_Clock_GetSSP0ClockDiv
                0x0000000000003370       0x14 /Users/vivaanbahl/Buggy/BuggyBuddies/LPC Projects/lpc_chip_11cxx_lib/Debug/liblpc_chip_11cxx_lib.a(ssp_11xx.o)
 .text.Chip_Clock_SetSSP1ClockDiv
                0x0000000000003384       0x1c /Users/vivaanbahl/Buggy/BuggyBuddies/LPC Projects/lpc_chip_11cxx_lib/Debug/liblpc_chip_11cxx_lib.a(ssp_11xx.o)
 .text.Chip_Clock_GetSSP1ClockDiv
                0x00000000000033a0       0x14 /Users/vivaanbahl/Buggy/BuggyBuddies/LPC Projects/lpc_chip_11cxx_lib/Debug/liblpc_chip_11cxx_lib.a(ssp_11xx.o)
 .text.Chip_SSP_GetStatus
                0x00000000000033b4       0x28 /Users/vivaanbahl/Buggy/BuggyBuddies/LPC Projects/lpc_chip_11cxx_lib/Debug/liblpc_chip_11cxx_lib.a(ssp_11xx.o)
 .text.Chip_SSP_GetRawIntStatus
                0x00000000000033dc       0x28 /Users/vivaanbahl/Buggy/BuggyBuddies/LPC Projects/lpc_chip_11cxx_lib/Debug/liblpc_chip_11cxx_lib.a(ssp_11xx.o)
 .text.Chip_SSP_GetDataSize
                0x0000000000003404       0x1c /Users/vivaanbahl/Buggy/BuggyBuddies/LPC Projects/lpc_chip_11cxx_lib/Debug/liblpc_chip_11cxx_lib.a(ssp_11xx.o)
 .text.Chip_SSP_ClearIntPending
                0x0000000000003420       0x20 /Users/vivaanbahl/Buggy/BuggyBuddies/LPC Projects/lpc_chip_11cxx_lib/Debug/liblpc_chip_11cxx_lib.a(ssp_11xx.o)
 .text.Chip_SSP_ReceiveFrame
                0x0000000000003440       0x18 /Users/vivaanbahl/Buggy/BuggyBuddies/LPC Projects/lpc_chip_11cxx_lib/Debug/liblpc_chip_11cxx_lib.a(ssp_11xx.o)
 .text.Chip_SSP_SendFrame
                0x0000000000003458       0x20 /Users/vivaanbahl/Buggy/BuggyBuddies/LPC Projects/lpc_chip_11cxx_lib/Debug/liblpc_chip_11cxx_lib.a(ssp_11xx.o)
 .text.Chip_SSP_SetFormat
                0x0000000000003478       0x30 /Users/vivaanbahl/Buggy/BuggyBuddies/LPC Projects/lpc_chip_11cxx_lib/Debug/liblpc_chip_11cxx_lib.a(ssp_11xx.o)
 .text.Chip_SSP_Set_Mode
                0x00000000000034a8       0x24 /Users/vivaanbahl/Buggy/BuggyBuddies/LPC Projects/lpc_chip_11cxx_lib/Debug/liblpc_chip_11cxx_lib.a(ssp_11xx.o)
 .text.SSP_Write2BFifo
                0x00000000000034cc       0x50 /Users/vivaanbahl/Buggy/BuggyBuddies/LPC Projects/lpc_chip_11cxx_lib/Debug/liblpc_chip_11cxx_lib.a(ssp_11xx.o)
 .text.SSP_Write1BFifo
                0x000000000000351c       0x4c /Users/vivaanbahl/Buggy/BuggyBuddies/LPC Projects/lpc_chip_11cxx_lib/Debug/liblpc_chip_11cxx_lib.a(ssp_11xx.o)
 .text.SSP_Read2BFifo
                0x0000000000003568       0x68 /Users/vivaanbahl/Buggy/BuggyBuddies/LPC Projects/lpc_chip_11cxx_lib/Debug/liblpc_chip_11cxx_lib.a(ssp_11xx.o)
 .text.SSP_Read1BFifo
                0x00000000000035d0       0x6c /Users/vivaanbahl/Buggy/BuggyBuddies/LPC Projects/lpc_chip_11cxx_lib/Debug/liblpc_chip_11cxx_lib.a(ssp_11xx.o)
 .text.Chip_SSP_GetClockIndex
                0x000000000000363c       0x34 /Users/vivaanbahl/Buggy/BuggyBuddies/LPC Projects/lpc_chip_11cxx_lib/Debug/liblpc_chip_11cxx_lib.a(ssp_11xx.o)
 .text.Chip_SSP_GetResetIndex
                0x0000000000003670       0x34 /Users/vivaanbahl/Buggy/BuggyBuddies/LPC Projects/lpc_chip_11cxx_lib/Debug/liblpc_chip_11cxx_lib.a(ssp_11xx.o)
 .text.Chip_SSP_SetSSPClkDivider
                0x00000000000036a4       0x30 /Users/vivaanbahl/Buggy/BuggyBuddies/LPC Projects/lpc_chip_11cxx_lib/Debug/liblpc_chip_11cxx_lib.a(ssp_11xx.o)
 .text.Chip_SSP_GetPCLKkRate
                0x00000000000036d4       0x4c /Users/vivaanbahl/Buggy/BuggyBuddies/LPC Projects/lpc_chip_11cxx_lib/Debug/liblpc_chip_11cxx_lib.a(ssp_11xx.o)
 .text.Chip_SSP_SetClockRate
                0x0000000000003720       0x38 /Users/vivaanbahl/Buggy/BuggyBuddies/LPC Projects/lpc_chip_11cxx_lib/Debug/liblpc_chip_11cxx_lib.a(ssp_11xx.o)
                0x0000000000003720                Chip_SSP_SetClockRate
 .text.Chip_SSP_RWFrames_Blocking
                0x0000000000003758      0x124 /Users/vivaanbahl/Buggy/BuggyBuddies/LPC Projects/lpc_chip_11cxx_lib/Debug/liblpc_chip_11cxx_lib.a(ssp_11xx.o)
                0x0000000000003758                Chip_SSP_RWFrames_Blocking
 .text.Chip_SSP_SetMaster
                0x000000000000387c       0x34 /Users/vivaanbahl/Buggy/BuggyBuddies/LPC Projects/lpc_chip_11cxx_lib/Debug/liblpc_chip_11cxx_lib.a(ssp_11xx.o)
                0x000000000000387c                Chip_SSP_SetMaster
 .text.Chip_SSP_SetBitRate
                0x00000000000038b0       0x74 /Users/vivaanbahl/Buggy/BuggyBuddies/LPC Projects/lpc_chip_11cxx_lib/Debug/liblpc_chip_11cxx_lib.a(ssp_11xx.o)
                0x00000000000038b0                Chip_SSP_SetBitRate
 .text.Chip_SSP_Init
                0x0000000000003924       0x60 /Users/vivaanbahl/Buggy/BuggyBuddies/LPC Projects/lpc_chip_11cxx_lib/Debug/liblpc_chip_11cxx_lib.a(ssp_11xx.o)
                0x0000000000003924                Chip_SSP_Init
 .text.Chip_SYSCTL_PowerDown
                0x0000000000003984       0x40 /Users/vivaanbahl/Buggy/BuggyBuddies/LPC Projects/lpc_chip_11cxx_lib/Debug/liblpc_chip_11cxx_lib.a(sysctl_11xx.o)
                0x0000000000003984                Chip_SYSCTL_PowerDown
 .text.Chip_SYSCTL_PowerUp
                0x00000000000039c4       0x40 /Users/vivaanbahl/Buggy/BuggyBuddies/LPC Projects/lpc_chip_11cxx_lib/Debug/liblpc_chip_11cxx_lib.a(sysctl_11xx.o)
                0x00000000000039c4                Chip_SYSCTL_PowerUp
 .text.Chip_Clock_EnablePeriphClock
                0x0000000000003a04       0x30 /Users/vivaanbahl/Buggy/BuggyBuddies/LPC Projects/lpc_chip_11cxx_lib/Debug/liblpc_chip_11cxx_lib.a(uart_11xx.o)
 .text.Chip_Clock_SetUARTClockDiv
                0x0000000000003a34       0x1c /Users/vivaanbahl/Buggy/BuggyBuddies/LPC Projects/lpc_chip_11cxx_lib/Debug/liblpc_chip_11cxx_lib.a(uart_11xx.o)
 .text.Chip_UART_SendByte
                0x0000000000003a50       0x20 /Users/vivaanbahl/Buggy/BuggyBuddies/LPC Projects/lpc_chip_11cxx_lib/Debug/liblpc_chip_11cxx_lib.a(uart_11xx.o)
 .text.Chip_UART_SetupFIFOS
                0x0000000000003a70       0x18 /Users/vivaanbahl/Buggy/BuggyBuddies/LPC Projects/lpc_chip_11cxx_lib/Debug/liblpc_chip_11cxx_lib.a(uart_11xx.o)
 .text.Chip_UART_ConfigData
                0x0000000000003a88       0x18 /Users/vivaanbahl/Buggy/BuggyBuddies/LPC Projects/lpc_chip_11cxx_lib/Debug/liblpc_chip_11cxx_lib.a(uart_11xx.o)
 .text.Chip_UART_EnableDivisorAccess
                0x0000000000003aa0       0x1c /Users/vivaanbahl/Buggy/BuggyBuddies/LPC Projects/lpc_chip_11cxx_lib/Debug/liblpc_chip_11cxx_lib.a(uart_11xx.o)
 .text.Chip_UART_DisableDivisorAccess
                0x0000000000003abc       0x20 /Users/vivaanbahl/Buggy/BuggyBuddies/LPC Projects/lpc_chip_11cxx_lib/Debug/liblpc_chip_11cxx_lib.a(uart_11xx.o)
 .text.Chip_UART_SetDivisorLatches
                0x0000000000003adc       0x30 /Users/vivaanbahl/Buggy/BuggyBuddies/LPC Projects/lpc_chip_11cxx_lib/Debug/liblpc_chip_11cxx_lib.a(uart_11xx.o)
 .text.Chip_UART_ReadLineStatus
                0x0000000000003b0c       0x14 /Users/vivaanbahl/Buggy/BuggyBuddies/LPC Projects/lpc_chip_11cxx_lib/Debug/liblpc_chip_11cxx_lib.a(uart_11xx.o)
 .text.Chip_UART_Init
                0x0000000000003b20       0x38 /Users/vivaanbahl/Buggy/BuggyBuddies/LPC Projects/lpc_chip_11cxx_lib/Debug/liblpc_chip_11cxx_lib.a(uart_11xx.o)
                0x0000000000003b20                Chip_UART_Init
 .text.Chip_UART_Send
                0x0000000000003b58       0x54 /Users/vivaanbahl/Buggy/BuggyBuddies/LPC Projects/lpc_chip_11cxx_lib/Debug/liblpc_chip_11cxx_lib.a(uart_11xx.o)
                0x0000000000003b58                Chip_UART_Send
 .text.Chip_UART_SendBlocking
                0x0000000000003bac       0x50 /Users/vivaanbahl/Buggy/BuggyBuddies/LPC Projects/lpc_chip_11cxx_lib/Debug/liblpc_chip_11cxx_lib.a(uart_11xx.o)
                0x0000000000003bac                Chip_UART_SendBlocking
 .text.Chip_UART_SetBaud
                0x0000000000003bfc       0x64 /Users/vivaanbahl/Buggy/BuggyBuddies/LPC Projects/lpc_chip_11cxx_lib/Debug/liblpc_chip_11cxx_lib.a(uart_11xx.o)
                0x0000000000003bfc                Chip_UART_SetBaud
 .text.__weak_main
                0x0000000000003c60        0x8 /Applications/lpcxpresso_8.2.2_650/lpcxpresso/tools/bin/../lib/gcc/arm-none-eabi/5.4.1/../../../../arm-none-eabi/lib/armv6-m/libcr_c.a(__weak__main.o)
                0x0000000000003c60                __main
                0x0000000000003c60                __weak_main
 .text.malloc   0x0000000000003c68       0xcc /Applications/lpcxpresso_8.2.2_650/lpcxpresso/tools/bin/../lib/gcc/arm-none-eabi/5.4.1/../../../../arm-none-eabi/lib/armv6-m/libcr_c.a(alloc.o)
                0x0000000000003c68                malloc
 .text._sbrk    0x0000000000003d34       0x40 /Applications/lpcxpresso_8.2.2_650/lpcxpresso/tools/bin/../lib/gcc/arm-none-eabi/5.4.1/../../../../arm-none-eabi/lib/armv6-m/libcr_c.a(_cr_sbrk.o)
                0x0000000000003d34                _sbrk
 .text.__check_heap_overflow
                0x0000000000003d74       0x14 /Applications/lpcxpresso_8.2.2_650/lpcxpresso/tools/bin/../lib/gcc/arm-none-eabi/5.4.1/../../../../arm-none-eabi/lib/armv6-m/libcr_c.a(_cr_check_heap.o)
                0x0000000000003d74                __check_heap_overflow
 .text.__aeabi_division_idivmod
                0x0000000000003d88       0x78 /Applications/lpcxpresso_8.2.2_650/lpcxpresso/tools/bin/../lib/gcc/arm-none-eabi/5.4.1/armv6-m/libcr_eabihelpers.a(division_32.o)
                0x0000000000003d88                __aeabi_idiv
                0x0000000000003d88                __aeabi_idivmod
                0x0000000000003d8e                __aeabi_uidiv
                0x0000000000003d8e                __aeabi_uidivmod
 .text.__aeabi_division_idiv0
                0x0000000000003e00        0x2 /Applications/lpcxpresso_8.2.2_650/lpcxpresso/tools/bin/../lib/gcc/arm-none-eabi/5.4.1/armv6-m/libcr_eabihelpers.a(division_idiv0.o)
                0x0000000000003e00                __aeabi_idiv0
 *(.rodata .rodata.* .constdata .constdata.*)
 *fill*         0x0000000000003e02        0x2 ff
 .rodata        0x0000000000003e04       0x22 ./src/fatfs_filesys.o
 *fill*         0x0000000000003e26        0x2 ff
 .rodata        0x0000000000003e28       0x1f ./source/diskio.o
 *fill*         0x0000000000003e47        0x1 ff
 .rodata        0x0000000000003e48       0x1a ./source/ff.o
 *fill*         0x0000000000003e62        0x2 ff
 .rodata.OscRateIn
                0x0000000000003e64        0x4 /Users/vivaanbahl/Buggy/BuggyBuddies/LPC Projects/nxp_lpcxpresso_11c24_board_lib/Debug/libnxp_lpcxpresso_11c24_board_lib.a(board.o)
                0x0000000000003e64                OscRateIn
 .rodata.pinmuxing
                0x0000000000003e68       0x28 /Users/vivaanbahl/Buggy/BuggyBuddies/LPC Projects/nxp_lpcxpresso_11c24_board_lib/Debug/libnxp_lpcxpresso_11c24_board_lib.a(board_sysinit.o)
 .rodata.wdtOSCRate
                0x0000000000003e90       0x40 /Users/vivaanbahl/Buggy/BuggyBuddies/LPC Projects/lpc_chip_11cxx_lib/Debug/liblpc_chip_11cxx_lib.a(clock_11xx.o)
                0x0000000000003ed0                . = ALIGN (0x4)

.glue_7         0x0000000000003ed0        0x0
 .glue_7        0x0000000000003ed0        0x0 linker stubs

.glue_7t        0x0000000000003ed0        0x0
 .glue_7t       0x0000000000003ed0        0x0 linker stubs

.vfp11_veneer   0x0000000000003ed0        0x0
 .vfp11_veneer  0x0000000000003ed0        0x0 linker stubs

.v4_bx          0x0000000000003ed0        0x0
 .v4_bx         0x0000000000003ed0        0x0 linker stubs

.iplt           0x0000000000003ed0        0x0
 .iplt          0x0000000000003ed0        0x0 ./src/cr_startup_lpc11xx.o

.rel.dyn        0x0000000000003ed0        0x0
 .rel.iplt      0x0000000000003ed0        0x0 ./src/cr_startup_lpc11xx.o

.ARM.extab
 *(.ARM.extab* .gnu.linkonce.armextab.*)
                0x0000000000003ed0                __exidx_start = .

.ARM.exidx
 *(.ARM.exidx* .gnu.linkonce.armexidx.*)
                0x0000000000003ed0                __exidx_end = .
                0x0000000000003ed0                _etext = .

.uninit_RESERVED
                0x0000000010000000        0x0
 *(.bss.$RESERVED*)
                0x0000000010000000                . = ALIGN (0x4)
                0x0000000010000000                _end_uninit_RESERVED = .

.data           0x0000000010000000        0x0 load address 0x0000000000003ed0
 FILL mask 0xff
                0x0000000010000000                _data = .
 *(vtable)
 *(.ramfunc*)
 *(.data*)
                0x0000000010000000                . = ALIGN (0x4)
                0x0000000010000000                _edata = .

.igot.plt       0x0000000010000000        0x0 load address 0x0000000000003ed0
 .igot.plt      0x0000000010000000        0x0 ./src/cr_startup_lpc11xx.o

.bss            0x0000000010000000     0x1a28 load address 0x0000000000003ed0
                0x0000000010000000                _bss = .
 *(.bss*)
 .bss.ssp_format
                0x0000000010000000        0x3 ./src/fatfs_filesys.o
 *fill*         0x0000000010000003        0x1 
 .bss.i.6147    0x0000000010000004        0x4 ./src/fatfs_filesys.o
 .bss.xf_setup  0x0000000010000008       0x14 ./source/diskio.o
 .bss.status_tx_buf
                0x000000001000001c       0x40 ./source/diskio.o
 .bss.status_rx_buf
                0x000000001000005c       0x40 ./source/diskio.o
 .bss.init_tx_buf
                0x000000001000009c      0x100 ./source/diskio.o
 .bss.init_rx_buf
                0x000000001000019c      0x100 ./source/diskio.o
 .bss.read_tx_buf
                0x000000001000029c      0xbb8 ./source/diskio.o
 .bss.read_rx_buf
                0x0000000010000e54      0xbb8 ./source/diskio.o
 .bss.FatFs     0x0000000010001a0c        0x8 ./source/ff.o
 .bss.Fsid      0x0000000010001a14        0x2 ./source/ff.o
 *fill*         0x0000000010001a16        0x2 
 .bss.__heaps   0x0000000010001a18        0x4 /Applications/lpcxpresso_8.2.2_650/lpcxpresso/tools/bin/../lib/gcc/arm-none-eabi/5.4.1/../../../../arm-none-eabi/lib/armv6-m/libcr_c.a(__init_alloc.o)
                0x0000000010001a18                __heaps
 .bss.__end_of_heap
                0x0000000010001a1c        0x4 /Applications/lpcxpresso_8.2.2_650/lpcxpresso/tools/bin/../lib/gcc/arm-none-eabi/5.4.1/../../../../arm-none-eabi/lib/armv6-m/libcr_c.a(__init_alloc.o)
                0x0000000010001a1c                __end_of_heap
 .bss.errno     0x0000000010001a20        0x4 /Applications/lpcxpresso_8.2.2_650/lpcxpresso/tools/bin/../lib/gcc/arm-none-eabi/5.4.1/../../../../arm-none-eabi/lib/armv6-m/libcr_c.a(errno.o)
                0x0000000010001a20                errno
 *(COMMON)
 COMMON         0x0000000010001a24        0x4 /Users/vivaanbahl/Buggy/BuggyBuddies/LPC Projects/lpc_chip_11cxx_lib/Debug/liblpc_chip_11cxx_lib.a(chip_11xx.o)
                0x0000000010001a24                SystemCoreClock
                0x0000000010001a28                . = ALIGN (0x4)
                0x0000000010001a28                _ebss = .
                [!provide]                        PROVIDE (end, .)

.noinit         0x0000000010001a28        0x0 load address 0x0000000000003ed0
                0x0000000010001a28                _noinit = .
 *(.noinit*)
                0x0000000010001a28                . = ALIGN (0x4)
                0x0000000010001a28                _end_noinit = .
                0x0000000010001a28                PROVIDE (_pvHeapStart, DEFINED (__user_heap_base)?__user_heap_base:.)
                0x0000000010002000                PROVIDE (_vStackTop, DEFINED (__user_stack_top)?__user_stack_top:(__top_RamLoc8 - 0x0))
                0xffffffffefffdb1d                PROVIDE (__valid_user_code_checksum, (0x0 - (((_vStackTop + (ResetISR + 0x1)) + (DEFINED (NMI_Handler)?NMI_Handler:M0_NMI_Handler + 0x1)) + (DEFINED (HardFault_Handler)?HardFault_Handler:M0_HardFault_Handler + 0x1))))
OUTPUT(fatfs_filesys.axf elf32-littlearm)

.debug_info     0x0000000000000000     0x7bc8
 .debug_info    0x0000000000000000      0x203 ./src/cr_startup_lpc11xx.o
 .debug_info    0x0000000000000203       0x3f ./src/crp.o
 .debug_info    0x0000000000000242      0xb55 ./src/fatfs_filesys.o
 .debug_info    0x0000000000000d97       0xb8 ./src/sysinit.o
 .debug_info    0x0000000000000e4f      0x853 ./source/diskio.o
 .debug_info    0x00000000000016a2     0x1950 ./source/ff.o
 .debug_info    0x0000000000002ff2      0x825 /Users/vivaanbahl/Buggy/BuggyBuddies/LPC Projects/nxp_lpcxpresso_11c24_board_lib/Debug/libnxp_lpcxpresso_11c24_board_lib.a(board.o)
 .debug_info    0x0000000000003817      0xa36 /Users/vivaanbahl/Buggy/BuggyBuddies/LPC Projects/nxp_lpcxpresso_11c24_board_lib/Debug/libnxp_lpcxpresso_11c24_board_lib.a(board_sysinit.o)
 .debug_info    0x000000000000424d       0xc2 /Users/vivaanbahl/Buggy/BuggyBuddies/LPC Projects/lpc_chip_11cxx_lib/Debug/liblpc_chip_11cxx_lib.a(chip_11xx.o)
 .debug_info    0x000000000000430f      0x893 /Users/vivaanbahl/Buggy/BuggyBuddies/LPC Projects/lpc_chip_11cxx_lib/Debug/liblpc_chip_11cxx_lib.a(clock_11xx.o)
 .debug_info    0x0000000000004ba2      0xb59 /Users/vivaanbahl/Buggy/BuggyBuddies/LPC Projects/lpc_chip_11cxx_lib/Debug/liblpc_chip_11cxx_lib.a(gpio_11xx_2.o)
 .debug_info    0x00000000000056fb     0x10b4 /Users/vivaanbahl/Buggy/BuggyBuddies/LPC Projects/lpc_chip_11cxx_lib/Debug/liblpc_chip_11cxx_lib.a(ssp_11xx.o)
 .debug_info    0x00000000000067af      0x593 /Users/vivaanbahl/Buggy/BuggyBuddies/LPC Projects/lpc_chip_11cxx_lib/Debug/liblpc_chip_11cxx_lib.a(sysctl_11xx.o)
 .debug_info    0x0000000000006d42      0xe86 /Users/vivaanbahl/Buggy/BuggyBuddies/LPC Projects/lpc_chip_11cxx_lib/Debug/liblpc_chip_11cxx_lib.a(uart_11xx.o)

.debug_abbrev   0x0000000000000000     0x1509
 .debug_abbrev  0x0000000000000000       0xe6 ./src/cr_startup_lpc11xx.o
 .debug_abbrev  0x00000000000000e6       0x36 ./src/crp.o
 .debug_abbrev  0x000000000000011c      0x232 ./src/fatfs_filesys.o
 .debug_abbrev  0x000000000000034e       0x6a ./src/sysinit.o
 .debug_abbrev  0x00000000000003b8      0x22b ./source/diskio.o
 .debug_abbrev  0x00000000000005e3      0x188 ./source/ff.o
 .debug_abbrev  0x000000000000076b      0x24c /Users/vivaanbahl/Buggy/BuggyBuddies/LPC Projects/nxp_lpcxpresso_11c24_board_lib/Debug/libnxp_lpcxpresso_11c24_board_lib.a(board.o)
 .debug_abbrev  0x00000000000009b7      0x1e7 /Users/vivaanbahl/Buggy/BuggyBuddies/LPC Projects/nxp_lpcxpresso_11c24_board_lib/Debug/libnxp_lpcxpresso_11c24_board_lib.a(board_sysinit.o)
 .debug_abbrev  0x0000000000000b9e       0x7b /Users/vivaanbahl/Buggy/BuggyBuddies/LPC Projects/lpc_chip_11cxx_lib/Debug/liblpc_chip_11cxx_lib.a(chip_11xx.o)
 .debug_abbrev  0x0000000000000c19      0x1c0 /Users/vivaanbahl/Buggy/BuggyBuddies/LPC Projects/lpc_chip_11cxx_lib/Debug/liblpc_chip_11cxx_lib.a(clock_11xx.o)
 .debug_abbrev  0x0000000000000dd9      0x1a9 /Users/vivaanbahl/Buggy/BuggyBuddies/LPC Projects/lpc_chip_11cxx_lib/Debug/liblpc_chip_11cxx_lib.a(gpio_11xx_2.o)
 .debug_abbrev  0x0000000000000f82      0x2b6 /Users/vivaanbahl/Buggy/BuggyBuddies/LPC Projects/lpc_chip_11cxx_lib/Debug/liblpc_chip_11cxx_lib.a(ssp_11xx.o)
 .debug_abbrev  0x0000000000001238       0xce /Users/vivaanbahl/Buggy/BuggyBuddies/LPC Projects/lpc_chip_11cxx_lib/Debug/liblpc_chip_11cxx_lib.a(sysctl_11xx.o)
 .debug_abbrev  0x0000000000001306      0x203 /Users/vivaanbahl/Buggy/BuggyBuddies/LPC Projects/lpc_chip_11cxx_lib/Debug/liblpc_chip_11cxx_lib.a(uart_11xx.o)

.debug_aranges  0x0000000000000000      0x7d8
 .debug_aranges
                0x0000000000000000       0x60 ./src/cr_startup_lpc11xx.o
 .debug_aranges
                0x0000000000000060       0x18 ./src/crp.o
 .debug_aranges
                0x0000000000000078       0x60 ./src/fatfs_filesys.o
 .debug_aranges
                0x00000000000000d8       0x20 ./src/sysinit.o
 .debug_aranges
                0x00000000000000f8       0x60 ./source/diskio.o
 .debug_aranges
                0x0000000000000158      0x1b0 ./source/ff.o
 .debug_aranges
                0x0000000000000308       0xb0 /Users/vivaanbahl/Buggy/BuggyBuddies/LPC Projects/nxp_lpcxpresso_11c24_board_lib/Debug/libnxp_lpcxpresso_11c24_board_lib.a(board.o)
 .debug_aranges
                0x00000000000003b8       0x60 /Users/vivaanbahl/Buggy/BuggyBuddies/LPC Projects/nxp_lpcxpresso_11c24_board_lib/Debug/libnxp_lpcxpresso_11c24_board_lib.a(board_sysinit.o)
 .debug_aranges
                0x0000000000000418       0x20 /Users/vivaanbahl/Buggy/BuggyBuddies/LPC Projects/lpc_chip_11cxx_lib/Debug/liblpc_chip_11cxx_lib.a(chip_11xx.o)
 .debug_aranges
                0x0000000000000438       0x88 /Users/vivaanbahl/Buggy/BuggyBuddies/LPC Projects/lpc_chip_11cxx_lib/Debug/liblpc_chip_11cxx_lib.a(clock_11xx.o)
 .debug_aranges
                0x00000000000004c0       0xb0 /Users/vivaanbahl/Buggy/BuggyBuddies/LPC Projects/lpc_chip_11cxx_lib/Debug/liblpc_chip_11cxx_lib.a(gpio_11xx_2.o)
 .debug_aranges
                0x0000000000000570      0x140 /Users/vivaanbahl/Buggy/BuggyBuddies/LPC Projects/lpc_chip_11cxx_lib/Debug/liblpc_chip_11cxx_lib.a(ssp_11xx.o)
 .debug_aranges
                0x00000000000006b0       0x38 /Users/vivaanbahl/Buggy/BuggyBuddies/LPC Projects/lpc_chip_11cxx_lib/Debug/liblpc_chip_11cxx_lib.a(sysctl_11xx.o)
 .debug_aranges
                0x00000000000006e8       0xf0 /Users/vivaanbahl/Buggy/BuggyBuddies/LPC Projects/lpc_chip_11cxx_lib/Debug/liblpc_chip_11cxx_lib.a(uart_11xx.o)

.debug_ranges   0x0000000000000000      0x6f0
 .debug_ranges  0x0000000000000000       0x50 ./src/cr_startup_lpc11xx.o
 .debug_ranges  0x0000000000000050       0x50 ./src/fatfs_filesys.o
 .debug_ranges  0x00000000000000a0       0x10 ./src/sysinit.o
 .debug_ranges  0x00000000000000b0       0x50 ./source/diskio.o
 .debug_ranges  0x0000000000000100      0x1a0 ./source/ff.o
 .debug_ranges  0x00000000000002a0       0xa0 /Users/vivaanbahl/Buggy/BuggyBuddies/LPC Projects/nxp_lpcxpresso_11c24_board_lib/Debug/libnxp_lpcxpresso_11c24_board_lib.a(board.o)
 .debug_ranges  0x0000000000000340       0x50 /Users/vivaanbahl/Buggy/BuggyBuddies/LPC Projects/nxp_lpcxpresso_11c24_board_lib/Debug/libnxp_lpcxpresso_11c24_board_lib.a(board_sysinit.o)
 .debug_ranges  0x0000000000000390       0x10 /Users/vivaanbahl/Buggy/BuggyBuddies/LPC Projects/lpc_chip_11cxx_lib/Debug/liblpc_chip_11cxx_lib.a(chip_11xx.o)
 .debug_ranges  0x00000000000003a0       0x78 /Users/vivaanbahl/Buggy/BuggyBuddies/LPC Projects/lpc_chip_11cxx_lib/Debug/liblpc_chip_11cxx_lib.a(clock_11xx.o)
 .debug_ranges  0x0000000000000418       0xa0 /Users/vivaanbahl/Buggy/BuggyBuddies/LPC Projects/lpc_chip_11cxx_lib/Debug/liblpc_chip_11cxx_lib.a(gpio_11xx_2.o)
 .debug_ranges  0x00000000000004b8      0x130 /Users/vivaanbahl/Buggy/BuggyBuddies/LPC Projects/lpc_chip_11cxx_lib/Debug/liblpc_chip_11cxx_lib.a(ssp_11xx.o)
 .debug_ranges  0x00000000000005e8       0x28 /Users/vivaanbahl/Buggy/BuggyBuddies/LPC Projects/lpc_chip_11cxx_lib/Debug/liblpc_chip_11cxx_lib.a(sysctl_11xx.o)
 .debug_ranges  0x0000000000000610       0xe0 /Users/vivaanbahl/Buggy/BuggyBuddies/LPC Projects/lpc_chip_11cxx_lib/Debug/liblpc_chip_11cxx_lib.a(uart_11xx.o)

.debug_macro    0x0000000000000000     0x4013
 .debug_macro   0x0000000000000000       0x1d ./src/cr_startup_lpc11xx.o
 .debug_macro   0x000000000000001d      0x83e ./src/cr_startup_lpc11xx.o
 .debug_macro   0x000000000000085b       0x1a ./src/crp.o
 .debug_macro   0x0000000000000875       0x34 ./src/crp.o
 .debug_macro   0x00000000000008a9      0x1cc ./src/fatfs_filesys.o
 .debug_macro   0x0000000000000a75       0x10 ./src/fatfs_filesys.o
 .debug_macro   0x0000000000000a85      0x12d ./src/fatfs_filesys.o
 .debug_macro   0x0000000000000bb2      0x5b2 ./src/fatfs_filesys.o
 .debug_macro   0x0000000000001164       0x22 ./src/fatfs_filesys.o
 .debug_macro   0x0000000000001186       0x7b ./src/fatfs_filesys.o
 .debug_macro   0x0000000000001201       0x10 ./src/fatfs_filesys.o
 .debug_macro   0x0000000000001211       0x1f ./src/fatfs_filesys.o
 .debug_macro   0x0000000000001230       0x3a ./src/fatfs_filesys.o
 .debug_macro   0x000000000000126a      0x241 ./src/fatfs_filesys.o
 .debug_macro   0x00000000000014ab      0x117 ./src/fatfs_filesys.o
 .debug_macro   0x00000000000015c2       0x22 ./src/fatfs_filesys.o
 .debug_macro   0x00000000000015e4       0xb2 ./src/fatfs_filesys.o
 .debug_macro   0x0000000000001696       0x10 ./src/fatfs_filesys.o
 .debug_macro   0x00000000000016a6      0x137 ./src/fatfs_filesys.o
 .debug_macro   0x00000000000017dd       0x4c ./src/fatfs_filesys.o
 .debug_macro   0x0000000000001829       0x16 ./src/fatfs_filesys.o
 .debug_macro   0x000000000000183f      0x31a ./src/fatfs_filesys.o
 .debug_macro   0x0000000000001b59       0x2e ./src/fatfs_filesys.o
 .debug_macro   0x0000000000001b87       0xb8 ./src/fatfs_filesys.o
 .debug_macro   0x0000000000001c3f       0x11 ./src/fatfs_filesys.o
 .debug_macro   0x0000000000001c50       0x7c ./src/fatfs_filesys.o
 .debug_macro   0x0000000000001ccc      0x21c ./src/fatfs_filesys.o
 .debug_macro   0x0000000000001ee8      0x113 ./src/fatfs_filesys.o
 .debug_macro   0x0000000000001ffb       0x10 ./src/fatfs_filesys.o
 .debug_macro   0x000000000000200b       0x9a ./src/fatfs_filesys.o
 .debug_macro   0x00000000000020a5       0x20 ./src/fatfs_filesys.o
 .debug_macro   0x00000000000020c5       0x82 ./src/fatfs_filesys.o
 .debug_macro   0x0000000000002147       0xe9 ./src/fatfs_filesys.o
 .debug_macro   0x0000000000002230       0xe8 ./src/fatfs_filesys.o
 .debug_macro   0x0000000000002318      0x17d ./src/sysinit.o
 .debug_macro   0x0000000000002495      0x1ae ./source/diskio.o
 .debug_macro   0x0000000000002643       0x8e ./source/diskio.o
 .debug_macro   0x00000000000026d1      0x486 ./source/ff.o
 .debug_macro   0x0000000000002b57       0xef ./source/ff.o
 .debug_macro   0x0000000000002c46       0x94 ./source/ff.o
 .debug_macro   0x0000000000002cda      0x18a /Users/vivaanbahl/Buggy/BuggyBuddies/LPC Projects/nxp_lpcxpresso_11c24_board_lib/Debug/libnxp_lpcxpresso_11c24_board_lib.a(board.o)
 .debug_macro   0x0000000000002e64      0x838 /Users/vivaanbahl/Buggy/BuggyBuddies/LPC Projects/nxp_lpcxpresso_11c24_board_lib/Debug/libnxp_lpcxpresso_11c24_board_lib.a(board.o)
 .debug_macro   0x000000000000369c       0x12 /Users/vivaanbahl/Buggy/BuggyBuddies/LPC Projects/nxp_lpcxpresso_11c24_board_lib/Debug/libnxp_lpcxpresso_11c24_board_lib.a(board.o)
 .debug_macro   0x00000000000036ae      0x18b /Users/vivaanbahl/Buggy/BuggyBuddies/LPC Projects/nxp_lpcxpresso_11c24_board_lib/Debug/libnxp_lpcxpresso_11c24_board_lib.a(board_sysinit.o)
 .debug_macro   0x0000000000003839      0x148 /Users/vivaanbahl/Buggy/BuggyBuddies/LPC Projects/lpc_chip_11cxx_lib/Debug/liblpc_chip_11cxx_lib.a(chip_11xx.o)
 .debug_macro   0x0000000000003981      0x148 /Users/vivaanbahl/Buggy/BuggyBuddies/LPC Projects/lpc_chip_11cxx_lib/Debug/liblpc_chip_11cxx_lib.a(clock_11xx.o)
 .debug_macro   0x0000000000003ac9      0x148 /Users/vivaanbahl/Buggy/BuggyBuddies/LPC Projects/lpc_chip_11cxx_lib/Debug/liblpc_chip_11cxx_lib.a(gpio_11xx_2.o)
 .debug_macro   0x0000000000003c11      0x148 /Users/vivaanbahl/Buggy/BuggyBuddies/LPC Projects/lpc_chip_11cxx_lib/Debug/liblpc_chip_11cxx_lib.a(ssp_11xx.o)
 .debug_macro   0x0000000000003d59      0x172 /Users/vivaanbahl/Buggy/BuggyBuddies/LPC Projects/lpc_chip_11cxx_lib/Debug/liblpc_chip_11cxx_lib.a(sysctl_11xx.o)
 .debug_macro   0x0000000000003ecb      0x148 /Users/vivaanbahl/Buggy/BuggyBuddies/LPC Projects/lpc_chip_11cxx_lib/Debug/liblpc_chip_11cxx_lib.a(uart_11xx.o)

.debug_line     0x0000000000000000     0x40bb
 .debug_line    0x0000000000000000       0xba ./src/cr_startup_lpc11xx.o
 .debug_line    0x00000000000000ba       0x7f ./src/crp.o
 .debug_line    0x0000000000000139      0x4cd ./src/fatfs_filesys.o
 .debug_line    0x0000000000000606      0x347 ./src/sysinit.o
 .debug_line    0x000000000000094d      0x506 ./source/diskio.o
 .debug_line    0x0000000000000e53      0xef0 ./source/ff.o
 .debug_line    0x0000000000001d43      0x4cf /Users/vivaanbahl/Buggy/BuggyBuddies/LPC Projects/nxp_lpcxpresso_11c24_board_lib/Debug/libnxp_lpcxpresso_11c24_board_lib.a(board.o)
 .debug_line    0x0000000000002212      0x432 /Users/vivaanbahl/Buggy/BuggyBuddies/LPC Projects/nxp_lpcxpresso_11c24_board_lib/Debug/libnxp_lpcxpresso_11c24_board_lib.a(board_sysinit.o)
 .debug_line    0x0000000000002644      0x2cf /Users/vivaanbahl/Buggy/BuggyBuddies/LPC Projects/lpc_chip_11cxx_lib/Debug/liblpc_chip_11cxx_lib.a(chip_11xx.o)
 .debug_line    0x0000000000002913      0x3f9 /Users/vivaanbahl/Buggy/BuggyBuddies/LPC Projects/lpc_chip_11cxx_lib/Debug/liblpc_chip_11cxx_lib.a(clock_11xx.o)
 .debug_line    0x0000000000002d0c      0x45a /Users/vivaanbahl/Buggy/BuggyBuddies/LPC Projects/lpc_chip_11cxx_lib/Debug/liblpc_chip_11cxx_lib.a(gpio_11xx_2.o)
 .debug_line    0x0000000000003166      0x70a /Users/vivaanbahl/Buggy/BuggyBuddies/LPC Projects/lpc_chip_11cxx_lib/Debug/liblpc_chip_11cxx_lib.a(ssp_11xx.o)
 .debug_line    0x0000000000003870      0x30c /Users/vivaanbahl/Buggy/BuggyBuddies/LPC Projects/lpc_chip_11cxx_lib/Debug/liblpc_chip_11cxx_lib.a(sysctl_11xx.o)
 .debug_line    0x0000000000003b7c      0x53f /Users/vivaanbahl/Buggy/BuggyBuddies/LPC Projects/lpc_chip_11cxx_lib/Debug/liblpc_chip_11cxx_lib.a(uart_11xx.o)

.debug_str      0x0000000000000000     0xea90
 .debug_str     0x0000000000000000     0x2508 ./src/cr_startup_lpc11xx.o
                                       0x251b (size before relaxing)
 .debug_str     0x0000000000002508       0xe9 ./src/crp.o
                                       0x247d (size before relaxing)
 .debug_str     0x00000000000025f1     0x6da1 ./src/fatfs_filesys.o
                                       0x9273 (size before relaxing)
 .debug_str     0x0000000000009392       0x11 ./src/sysinit.o
                                       0x8011 (size before relaxing)
 .debug_str     0x00000000000093a3      0x369 ./source/diskio.o
                                       0x8646 (size before relaxing)
 .debug_str     0x000000000000970c     0x3972 ./source/ff.o
                                       0x65ff (size before relaxing)
 .debug_str     0x000000000000d07e      0x248 /Users/vivaanbahl/Buggy/BuggyBuddies/LPC Projects/nxp_lpcxpresso_11c24_board_lib/Debug/libnxp_lpcxpresso_11c24_board_lib.a(board.o)
                                       0x84b0 (size before relaxing)
 .debug_str     0x000000000000d2c6      0x6cd /Users/vivaanbahl/Buggy/BuggyBuddies/LPC Projects/nxp_lpcxpresso_11c24_board_lib/Debug/libnxp_lpcxpresso_11c24_board_lib.a(board_sysinit.o)
                                       0x8949 (size before relaxing)
 .debug_str     0x000000000000d993       0x84 /Users/vivaanbahl/Buggy/BuggyBuddies/LPC Projects/lpc_chip_11cxx_lib/Debug/liblpc_chip_11cxx_lib.a(chip_11xx.o)
                                       0x7d48 (size before relaxing)
 .debug_str     0x000000000000da17      0x447 /Users/vivaanbahl/Buggy/BuggyBuddies/LPC Projects/lpc_chip_11cxx_lib/Debug/liblpc_chip_11cxx_lib.a(clock_11xx.o)
                                       0x850c (size before relaxing)
 .debug_str     0x000000000000de5e      0x23d /Users/vivaanbahl/Buggy/BuggyBuddies/LPC Projects/lpc_chip_11cxx_lib/Debug/liblpc_chip_11cxx_lib.a(gpio_11xx_2.o)
                                       0x83ea (size before relaxing)
 .debug_str     0x000000000000e09b      0x5c5 /Users/vivaanbahl/Buggy/BuggyBuddies/LPC Projects/lpc_chip_11cxx_lib/Debug/liblpc_chip_11cxx_lib.a(ssp_11xx.o)
                                       0x89a4 (size before relaxing)
 .debug_str     0x000000000000e660      0x19f /Users/vivaanbahl/Buggy/BuggyBuddies/LPC Projects/lpc_chip_11cxx_lib/Debug/liblpc_chip_11cxx_lib.a(sysctl_11xx.o)
                                       0x8156 (size before relaxing)
 .debug_str     0x000000000000e7ff      0x291 /Users/vivaanbahl/Buggy/BuggyBuddies/LPC Projects/lpc_chip_11cxx_lib/Debug/liblpc_chip_11cxx_lib.a(uart_11xx.o)
                                       0x84c0 (size before relaxing)

.comment        0x0000000000000000       0xdc
 .comment       0x0000000000000000       0x6e ./src/cr_startup_lpc11xx.o
                                         0x6f (size before relaxing)
 .comment       0x000000000000006e       0x6f ./src/crp.o
 .comment       0x000000000000006e       0x6f ./src/fatfs_filesys.o
 .comment       0x000000000000006e       0x6f ./src/sysinit.o
 .comment       0x000000000000006e       0x6f ./source/diskio.o
 .comment       0x000000000000006e       0x6f ./source/ff.o
 .comment       0x000000000000006e       0x6f /Users/vivaanbahl/Buggy/BuggyBuddies/LPC Projects/nxp_lpcxpresso_11c24_board_lib/Debug/libnxp_lpcxpresso_11c24_board_lib.a(board.o)
 .comment       0x000000000000006e       0x6f /Users/vivaanbahl/Buggy/BuggyBuddies/LPC Projects/nxp_lpcxpresso_11c24_board_lib/Debug/libnxp_lpcxpresso_11c24_board_lib.a(board_sysinit.o)
 .comment       0x000000000000006e       0x6f /Users/vivaanbahl/Buggy/BuggyBuddies/LPC Projects/lpc_chip_11cxx_lib/Debug/liblpc_chip_11cxx_lib.a(chip_11xx.o)
 .comment       0x000000000000006e       0x6f /Users/vivaanbahl/Buggy/BuggyBuddies/LPC Projects/lpc_chip_11cxx_lib/Debug/liblpc_chip_11cxx_lib.a(clock_11xx.o)
 .comment       0x000000000000006e       0x6f /Users/vivaanbahl/Buggy/BuggyBuddies/LPC Projects/lpc_chip_11cxx_lib/Debug/liblpc_chip_11cxx_lib.a(gpio_11xx_2.o)
 .comment       0x000000000000006e       0x6f /Users/vivaanbahl/Buggy/BuggyBuddies/LPC Projects/lpc_chip_11cxx_lib/Debug/liblpc_chip_11cxx_lib.a(ssp_11xx.o)
 .comment       0x000000000000006e       0x6f /Users/vivaanbahl/Buggy/BuggyBuddies/LPC Projects/lpc_chip_11cxx_lib/Debug/liblpc_chip_11cxx_lib.a(sysctl_11xx.o)
 .comment       0x000000000000006e       0x6f /Users/vivaanbahl/Buggy/BuggyBuddies/LPC Projects/lpc_chip_11cxx_lib/Debug/liblpc_chip_11cxx_lib.a(uart_11xx.o)
 .comment       0x000000000000006e       0x6e /Applications/lpcxpresso_8.2.2_650/lpcxpresso/tools/bin/../lib/gcc/arm-none-eabi/5.4.1/../../../../arm-none-eabi/lib/armv6-m/libcr_c.a(__weak__main.o)
                                         0x6f (size before relaxing)
 .comment       0x00000000000000dc       0x6f /Applications/lpcxpresso_8.2.2_650/lpcxpresso/tools/bin/../lib/gcc/arm-none-eabi/5.4.1/../../../../arm-none-eabi/lib/armv6-m/libcr_c.a(alloc.o)
 .comment       0x00000000000000dc       0x6f /Applications/lpcxpresso_8.2.2_650/lpcxpresso/tools/bin/../lib/gcc/arm-none-eabi/5.4.1/../../../../arm-none-eabi/lib/armv6-m/libcr_c.a(__init_alloc.o)
 .comment       0x00000000000000dc       0x6f /Applications/lpcxpresso_8.2.2_650/lpcxpresso/tools/bin/../lib/gcc/arm-none-eabi/5.4.1/../../../../arm-none-eabi/lib/armv6-m/libcr_c.a(_cr_sbrk.o)
 .comment       0x00000000000000dc       0x6f /Applications/lpcxpresso_8.2.2_650/lpcxpresso/tools/bin/../lib/gcc/arm-none-eabi/5.4.1/../../../../arm-none-eabi/lib/armv6-m/libcr_c.a(errno.o)
 .comment       0x00000000000000dc       0x6f /Applications/lpcxpresso_8.2.2_650/lpcxpresso/tools/bin/../lib/gcc/arm-none-eabi/5.4.1/../../../../arm-none-eabi/lib/armv6-m/libcr_c.a(_cr_check_heap.o)

.ARM.attributes
                0x0000000000000000       0x2f
 .ARM.attributes
                0x0000000000000000       0x31 ./src/cr_startup_lpc11xx.o
 .ARM.attributes
                0x0000000000000031       0x31 ./src/crp.o
 .ARM.attributes
                0x0000000000000062       0x31 ./src/fatfs_filesys.o
 .ARM.attributes
                0x0000000000000093       0x31 ./src/sysinit.o
 .ARM.attributes
                0x00000000000000c4       0x31 ./source/diskio.o
 .ARM.attributes
                0x00000000000000f5       0x31 ./source/ff.o
 .ARM.attributes
                0x0000000000000126       0x31 /Users/vivaanbahl/Buggy/BuggyBuddies/LPC Projects/nxp_lpcxpresso_11c24_board_lib/Debug/libnxp_lpcxpresso_11c24_board_lib.a(board.o)
 .ARM.attributes
                0x0000000000000157       0x31 /Users/vivaanbahl/Buggy/BuggyBuddies/LPC Projects/nxp_lpcxpresso_11c24_board_lib/Debug/libnxp_lpcxpresso_11c24_board_lib.a(board_sysinit.o)
 .ARM.attributes
                0x0000000000000188       0x31 /Users/vivaanbahl/Buggy/BuggyBuddies/LPC Projects/lpc_chip_11cxx_lib/Debug/liblpc_chip_11cxx_lib.a(chip_11xx.o)
 .ARM.attributes
                0x00000000000001b9       0x31 /Users/vivaanbahl/Buggy/BuggyBuddies/LPC Projects/lpc_chip_11cxx_lib/Debug/liblpc_chip_11cxx_lib.a(clock_11xx.o)
 .ARM.attributes
                0x00000000000001ea       0x31 /Users/vivaanbahl/Buggy/BuggyBuddies/LPC Projects/lpc_chip_11cxx_lib/Debug/liblpc_chip_11cxx_lib.a(gpio_11xx_2.o)
 .ARM.attributes
                0x000000000000021b       0x31 /Users/vivaanbahl/Buggy/BuggyBuddies/LPC Projects/lpc_chip_11cxx_lib/Debug/liblpc_chip_11cxx_lib.a(ssp_11xx.o)
 .ARM.attributes
                0x000000000000024c       0x31 /Users/vivaanbahl/Buggy/BuggyBuddies/LPC Projects/lpc_chip_11cxx_lib/Debug/liblpc_chip_11cxx_lib.a(sysctl_11xx.o)
 .ARM.attributes
                0x000000000000027d       0x31 /Users/vivaanbahl/Buggy/BuggyBuddies/LPC Projects/lpc_chip_11cxx_lib/Debug/liblpc_chip_11cxx_lib.a(uart_11xx.o)
 .ARM.attributes
                0x00000000000002ae       0x31 /Applications/lpcxpresso_8.2.2_650/lpcxpresso/tools/bin/../lib/gcc/arm-none-eabi/5.4.1/../../../../arm-none-eabi/lib/armv6-m/libcr_c.a(__weak__main.o)
 .ARM.attributes
                0x00000000000002df       0x31 /Applications/lpcxpresso_8.2.2_650/lpcxpresso/tools/bin/../lib/gcc/arm-none-eabi/5.4.1/../../../../arm-none-eabi/lib/armv6-m/libcr_c.a(alloc.o)
 .ARM.attributes
                0x0000000000000310       0x31 /Applications/lpcxpresso_8.2.2_650/lpcxpresso/tools/bin/../lib/gcc/arm-none-eabi/5.4.1/../../../../arm-none-eabi/lib/armv6-m/libcr_c.a(__init_alloc.o)
 .ARM.attributes
                0x0000000000000341       0x31 /Applications/lpcxpresso_8.2.2_650/lpcxpresso/tools/bin/../lib/gcc/arm-none-eabi/5.4.1/../../../../arm-none-eabi/lib/armv6-m/libcr_c.a(_cr_sbrk.o)
 .ARM.attributes
                0x0000000000000372       0x31 /Applications/lpcxpresso_8.2.2_650/lpcxpresso/tools/bin/../lib/gcc/arm-none-eabi/5.4.1/../../../../arm-none-eabi/lib/armv6-m/libcr_c.a(errno.o)
 .ARM.attributes
                0x00000000000003a3       0x31 /Applications/lpcxpresso_8.2.2_650/lpcxpresso/tools/bin/../lib/gcc/arm-none-eabi/5.4.1/../../../../arm-none-eabi/lib/armv6-m/libcr_c.a(_cr_check_heap.o)
 .ARM.attributes
                0x00000000000003d4       0x21 /Applications/lpcxpresso_8.2.2_650/lpcxpresso/tools/bin/../lib/gcc/arm-none-eabi/5.4.1/armv6-m/libcr_eabihelpers.a(division_32.o)
 .ARM.attributes
                0x00000000000003f5       0x21 /Applications/lpcxpresso_8.2.2_650/lpcxpresso/tools/bin/../lib/gcc/arm-none-eabi/5.4.1/armv6-m/libcr_eabihelpers.a(division_idiv0.o)

.debug_frame    0x0000000000000000     0x1a9c
 .debug_frame   0x0000000000000000      0x118 ./src/cr_startup_lpc11xx.o
 .debug_frame   0x0000000000000118      0x12c ./src/fatfs_filesys.o
 .debug_frame   0x0000000000000244       0x2c ./src/sysinit.o
 .debug_frame   0x0000000000000270      0x130 ./source/diskio.o
 .debug_frame   0x00000000000003a0      0x670 ./source/ff.o
 .debug_frame   0x0000000000000a10      0x260 /Users/vivaanbahl/Buggy/BuggyBuddies/LPC Projects/nxp_lpcxpresso_11c24_board_lib/Debug/libnxp_lpcxpresso_11c24_board_lib.a(board.o)
 .debug_frame   0x0000000000000c70      0x128 /Users/vivaanbahl/Buggy/BuggyBuddies/LPC Projects/nxp_lpcxpresso_11c24_board_lib/Debug/libnxp_lpcxpresso_11c24_board_lib.a(board_sysinit.o)
 .debug_frame   0x0000000000000d98       0x2c /Users/vivaanbahl/Buggy/BuggyBuddies/LPC Projects/lpc_chip_11cxx_lib/Debug/liblpc_chip_11cxx_lib.a(chip_11xx.o)
 .debug_frame   0x0000000000000dc4      0x1c0 /Users/vivaanbahl/Buggy/BuggyBuddies/LPC Projects/lpc_chip_11cxx_lib/Debug/liblpc_chip_11cxx_lib.a(clock_11xx.o)
 .debug_frame   0x0000000000000f84      0x270 /Users/vivaanbahl/Buggy/BuggyBuddies/LPC Projects/lpc_chip_11cxx_lib/Debug/liblpc_chip_11cxx_lib.a(gpio_11xx_2.o)
 .debug_frame   0x00000000000011f4      0x4a8 /Users/vivaanbahl/Buggy/BuggyBuddies/LPC Projects/lpc_chip_11cxx_lib/Debug/liblpc_chip_11cxx_lib.a(ssp_11xx.o)
 .debug_frame   0x000000000000169c       0x90 /Users/vivaanbahl/Buggy/BuggyBuddies/LPC Projects/lpc_chip_11cxx_lib/Debug/liblpc_chip_11cxx_lib.a(sysctl_11xx.o)
 .debug_frame   0x000000000000172c      0x370 /Users/vivaanbahl/Buggy/BuggyBuddies/LPC Projects/lpc_chip_11cxx_lib/Debug/liblpc_chip_11cxx_lib.a(uart_11xx.o)
