Archive member included to satisfy reference by file (symbol)

/Users/kevinlee/BuggyBuddies/LPC Projects/nxp_lpcxpresso_11c24_board_lib/Debug/libnxp_lpcxpresso_11c24_board_lib.a(board.o)
                              ./src/quadrature_encoder.o (Board_UARTPutSTR)
/Users/kevinlee/BuggyBuddies/LPC Projects/nxp_lpcxpresso_11c24_board_lib/Debug/libnxp_lpcxpresso_11c24_board_lib.a(board_sysinit.o)
                              ./src/sysinit.o (Board_SystemInit)
/Users/kevinlee/BuggyBuddies/LPC Projects/lpc_chip_11cxx_lib/Debug/liblpc_chip_11cxx_lib.a(chip_11xx.o)
                              ./src/quadrature_encoder.o (SystemCoreClockUpdate)
/Users/kevinlee/BuggyBuddies/LPC Projects/lpc_chip_11cxx_lib/Debug/liblpc_chip_11cxx_lib.a(clock_11xx.o)
                              /Users/kevinlee/BuggyBuddies/LPC Projects/nxp_lpcxpresso_11c24_board_lib/Debug/libnxp_lpcxpresso_11c24_board_lib.a(board_sysinit.o) (Chip_Clock_SetSystemPLLSource)
/Users/kevinlee/BuggyBuddies/LPC Projects/lpc_chip_11cxx_lib/Debug/liblpc_chip_11cxx_lib.a(gpio_11xx_2.o)
                              /Users/kevinlee/BuggyBuddies/LPC Projects/nxp_lpcxpresso_11c24_board_lib/Debug/libnxp_lpcxpresso_11c24_board_lib.a(board.o) (Chip_GPIO_Init)
/Users/kevinlee/BuggyBuddies/LPC Projects/lpc_chip_11cxx_lib/Debug/liblpc_chip_11cxx_lib.a(sysctl_11xx.o)
                              ./src/quadrature_encoder.o (Chip_SYSCTL_SetWakeup)
/Users/kevinlee/BuggyBuddies/LPC Projects/lpc_chip_11cxx_lib/Debug/liblpc_chip_11cxx_lib.a(uart_11xx.o)
                              ./src/quadrature_encoder.o (Chip_UART_Init)
/Users/kevinlee/BuggyBuddies/LPC Projects/lpc_chip_11cxx_lib/Debug/liblpc_chip_11cxx_lib.a(ring_buffer.o)
                              /Users/kevinlee/BuggyBuddies/LPC Projects/lpc_chip_11cxx_lib/Debug/liblpc_chip_11cxx_lib.a(uart_11xx.o) (RingBuffer_Insert)
/Applications/lpcxpresso_8.2.2_650/lpcxpresso/tools/bin/../lib/gcc/arm-none-eabi/5.4.1/../../../../arm-none-eabi/lib/armv6-m/libcr_c.a(memcpy.o)
                              /Users/kevinlee/BuggyBuddies/LPC Projects/lpc_chip_11cxx_lib/Debug/liblpc_chip_11cxx_lib.a(ring_buffer.o) (memcpy)
/Applications/lpcxpresso_8.2.2_650/lpcxpresso/tools/bin/../lib/gcc/arm-none-eabi/5.4.1/../../../../arm-none-eabi/lib/armv6-m/libcr_c.a(__weak__main.o)
                              ./src/cr_startup_lpc11xx.o (__main)
/Applications/lpcxpresso_8.2.2_650/lpcxpresso/tools/bin/../lib/gcc/arm-none-eabi/5.4.1/armv6-m/libcr_eabihelpers.a(division_32.o)
                              /Users/kevinlee/BuggyBuddies/LPC Projects/lpc_chip_11cxx_lib/Debug/liblpc_chip_11cxx_lib.a(clock_11xx.o) (__aeabi_uidiv)
/Applications/lpcxpresso_8.2.2_650/lpcxpresso/tools/bin/../lib/gcc/arm-none-eabi/5.4.1/armv6-m/libcr_eabihelpers.a(division_idiv0.o)
                              /Applications/lpcxpresso_8.2.2_650/lpcxpresso/tools/bin/../lib/gcc/arm-none-eabi/5.4.1/armv6-m/libcr_eabihelpers.a(division_32.o) (__aeabi_idiv0)
/Applications/lpcxpresso_8.2.2_650/lpcxpresso/tools/bin/../lib/gcc/arm-none-eabi/5.4.1/armv6-m/libcr_eabihelpers.a(memcpy.o)
                              /Applications/lpcxpresso_8.2.2_650/lpcxpresso/tools/bin/../lib/gcc/arm-none-eabi/5.4.1/../../../../arm-none-eabi/lib/armv6-m/libcr_c.a(memcpy.o) (__aeabi_memcpy)

Allocating common symbols
Common symbol       size              file

SystemCoreClock     0x4               /Users/kevinlee/BuggyBuddies/LPC Projects/lpc_chip_11cxx_lib/Debug/liblpc_chip_11cxx_lib.a(chip_11xx.o)

Discarded input sections

 .group         0x0000000000000000        0x8 ./src/cr_startup_lpc11xx.o
 .text          0x0000000000000000        0x0 ./src/cr_startup_lpc11xx.o
 .data          0x0000000000000000        0x0 ./src/cr_startup_lpc11xx.o
 .bss           0x0000000000000000        0x0 ./src/cr_startup_lpc11xx.o
 .group         0x0000000000000000        0x8 ./src/crp.o
 .group         0x0000000000000000        0x8 ./src/crp.o
 .text          0x0000000000000000        0x0 ./src/crp.o
 .data          0x0000000000000000        0x0 ./src/crp.o
 .bss           0x0000000000000000        0x0 ./src/crp.o
 .debug_macro   0x0000000000000000      0x83e ./src/crp.o
 .group         0x0000000000000000        0x8 ./src/quadrature_encoder.o
 .group         0x0000000000000000        0x8 ./src/quadrature_encoder.o
 .group         0x0000000000000000        0x8 ./src/quadrature_encoder.o
 .group         0x0000000000000000        0x8 ./src/quadrature_encoder.o
 .group         0x0000000000000000        0x8 ./src/quadrature_encoder.o
 .group         0x0000000000000000        0x8 ./src/quadrature_encoder.o
 .group         0x0000000000000000        0x8 ./src/quadrature_encoder.o
 .group         0x0000000000000000        0x8 ./src/quadrature_encoder.o
 .group         0x0000000000000000        0x8 ./src/quadrature_encoder.o
 .group         0x0000000000000000        0x8 ./src/quadrature_encoder.o
 .group         0x0000000000000000        0x8 ./src/quadrature_encoder.o
[...]
Memory Configuration

Name             Origin             Length             Attributes
MFlash32         0x0000000000000000 0x0000000000008000 xr
RamLoc8          0x0000000010000000 0x0000000000002000 xrw
*default*        0x0000000000000000 0xffffffffffffffff

Linker script and memory map

LOAD ./src/cr_startup_lpc11xx.o
LOAD ./src/crp.o
LOAD ./src/quadrature_encoder.o
LOAD ./src/sysinit.o
LOAD /Users/kevinlee/BuggyBuddies/LPC Projects/nxp_lpcxpresso_11c24_board_lib/Debug/libnxp_lpcxpresso_11c24_board_lib.a
LOAD /Users/kevinlee/BuggyBuddies/LPC Projects/lpc_chip_11cxx_lib/Debug/liblpc_chip_11cxx_lib.a
START GROUP
LOAD /Applications/lpcxpresso_8.2.2_650/lpcxpresso/tools/bin/../lib/gcc/arm-none-eabi/5.4.1/../../../../arm-none-eabi/lib/armv6-m/libcr_c.a
LOAD /Applications/lpcxpresso_8.2.2_650/lpcxpresso/tools/bin/../lib/gcc/arm-none-eabi/5.4.1/armv6-m/libcr_eabihelpers.a
END GROUP
                0x0000000000000000                __base_MFlash32 = 0x0
                0x0000000000000000                __base_Flash = 0x0
                0x0000000000008000                __top_MFlash32 = 0x8000
                0x0000000000008000                __top_Flash = 0x8000
                0x0000000010000000                __base_RamLoc8 = 0x10000000
                0x0000000010000000                __base_RAM = 0x10000000
                0x0000000010002000                __top_RamLoc8 = 0x10002000
                0x0000000010002000                __top_RAM = 0x10002000

.text           0x0000000000000000     0x12e8
 FILL mask 0xff
                0x0000000000000000                __vectors_start__ = ABSOLUTE (.)
 *(.isr_vector)
 .isr_vector    0x0000000000000000       0xc0 ./src/cr_startup_lpc11xx.o
                0x0000000000000000                g_pfnVectors
                0x00000000000000c0                . = ALIGN (0x4)
                0x00000000000000c0                __section_table_start = .
                0x00000000000000c0                __data_section_table = .
                0x00000000000000c0        0x4 LONG 0x12e8 LOADADDR (.data)
                0x00000000000000c4        0x4 LONG 0x10000000 ADDR (.data)
                0x00000000000000c8        0x4 LONG 0x0 SIZEOF (.data)
                0x00000000000000cc                __data_section_table_end = .
                0x00000000000000cc                __bss_section_table = .
                0x00000000000000cc        0x4 LONG 0x10000000 ADDR (.bss)
                0x00000000000000d0        0x4 LONG 0x10 SIZEOF (.bss)
                0x00000000000000d4                __bss_section_table_end = .
                0x00000000000000d4                __section_table_end = .
 *(.after_vectors*)
 .after_vectors
                0x00000000000000d4      0x124 ./src/cr_startup_lpc11xx.o
                0x00000000000000d4                data_init
                0x0000000000000114                bss_init
                0x0000000000000148                ResetISR
                0x00000000000001c8                NMI_Handler
                0x00000000000001d0                HardFault_Handler
                0x00000000000001d8                SVC_Handler
                0x00000000000001e0                PendSV_Handler
                0x00000000000001e8                SysTick_Handler
                0x00000000000001f0                TIMER16_1_IRQHandler
                0x00000000000001f0                ADC_IRQHandler
                0x00000000000001f0                SSP1_IRQHandler
                0x00000000000001f0                PIOINT2_IRQHandler
                0x00000000000001f0                BOD_IRQHandler
                0x00000000000001f0                WAKEUP_IRQHandler
                0x00000000000001f0                I2C_IRQHandler
                0x00000000000001f0                WDT_IRQHandler
                0x00000000000001f0                TIMER16_0_IRQHandler
                0x00000000000001f0                PIOINT3_IRQHandler
                0x00000000000001f0                UART_IRQHandler
                0x00000000000001f0                TIMER32_0_IRQHandler
                0x00000000000001f0                TIMER32_1_IRQHandler
                0x00000000000001f0                IntDefaultHandler
                0x00000000000001f0                PIOINT1_IRQHandler
                0x00000000000001f0                CAN_IRQHandler
                0x00000000000001f0                SSP0_IRQHandler
                0x00000000000002fc                . = 0x2fc
 *fill*         0x00000000000001f8      0x104 ff
                0x00000000000002fc                PROVIDE (__CRP_WORD_START__, .)
 *(.crp)
 .crp           0x00000000000002fc        0x4 ./src/crp.o
                0x00000000000002fc                CRP_WORD
                0x0000000000000300                PROVIDE (__CRP_WORD_END__, .)
                0x0000000000000001                ASSERT (! ((__CRP_WORD_START__ == __CRP_WORD_END__)), Linker CRP Enabled, but no CRP_WORD provided within application)
 *(.text*)
 .text.Chip_SYSCTL_EnableStartPin
                0x0000000000000300       0x30 ./src/quadrature_encoder.o
 .text.Chip_SYSCTL_ResetStartPin
                0x0000000000000330       0x28 ./src/quadrature_encoder.o
 .text.Chip_IOCON_PinMuxSet
                0x0000000000000358       0x28 ./src/quadrature_encoder.o
 .text.Chip_UART_TXEnable
                0x0000000000000380       0x18 ./src/quadrature_encoder.o
 .text.Chip_UART_SetupFIFOS
                0x0000000000000398       0x18 ./src/quadrature_encoder.o
 .text.Chip_UART_ConfigData
                0x00000000000003b0       0x18 ./src/quadrature_encoder.o
 .text.Chip_GPIO_GetPinState
                0x00000000000003c8       0x40 ./src/quadrature_encoder.o
 .text.Chip_GPIO_SetPinDIRInput
                0x0000000000000408       0x50 ./src/quadrature_encoder.o
 .text.Chip_GPIO_EnableInt
                0x0000000000000458       0x44 ./src/quadrature_encoder.o
 .text.PIOINT0_IRQHandler
                0x000000000000049c       0xc4 ./src/quadrature_encoder.o
                0x000000000000049c                PIOINT0_IRQHandler
 .text.main     0x0000000000000560      0x160 ./src/quadrature_encoder.o
                0x0000000000000560                main
 .text.SystemInit
                0x00000000000006c0       0x10 ./src/sysinit.o
                0x00000000000006c0                SystemInit
 .text.Chip_GPIO_SetPinState
                0x00000000000006d0       0x4c /Users/kevinlee/BuggyBuddies/LPC Projects/nxp_lpcxpresso_11c24_board_lib/Debug/libnxp_lpcxpresso_11c24_board_lib.a(board.o)
 .text.Chip_GPIO_SetPinDIROutput
                0x000000000000071c       0x4c /Users/kevinlee/BuggyBuddies/LPC Projects/nxp_lpcxpresso_11c24_board_lib/Debug/libnxp_lpcxpresso_11c24_board_lib.a(board.o)
 .text.Board_UARTPutChar
                0x0000000000000768       0x24 /Users/kevinlee/BuggyBuddies/LPC Projects/nxp_lpcxpresso_11c24_board_lib/Debug/libnxp_lpcxpresso_11c24_board_lib.a(board.o)
                0x0000000000000768                Board_UARTPutChar
 .text.Board_UARTPutSTR
                0x000000000000078c       0x28 /Users/kevinlee/BuggyBuddies/LPC Projects/nxp_lpcxpresso_11c24_board_lib/Debug/libnxp_lpcxpresso_11c24_board_lib.a(board.o)
                0x000000000000078c                Board_UARTPutSTR
 .text.Board_LED_Init
                0x00000000000007b4       0x18 /Users/kevinlee/BuggyBuddies/LPC Projects/nxp_lpcxpresso_11c24_board_lib/Debug/libnxp_lpcxpresso_11c24_board_lib.a(board.o)
 .text.Board_LED_Set
                0x00000000000007cc       0x48 /Users/kevinlee/BuggyBuddies/LPC Projects/nxp_lpcxpresso_11c24_board_lib/Debug/libnxp_lpcxpresso_11c24_board_lib.a(board.o)
                0x00000000000007cc                Board_LED_Set
 .text.Board_Init
                0x0000000000000814       0x18 /Users/kevinlee/BuggyBuddies/LPC Projects/nxp_lpcxpresso_11c24_board_lib/Debug/libnxp_lpcxpresso_11c24_board_lib.a(board.o)
                0x0000000000000814                Board_Init
 .text.Chip_FMC_SetFLASHAccess
                0x000000000000082c       0x30 /Users/kevinlee/BuggyBuddies/LPC Projects/nxp_lpcxpresso_11c24_board_lib/Debug/libnxp_lpcxpresso_11c24_board_lib.a(board_sysinit.o)
 .text.Chip_Clock_SetupSystemPLL
                0x000000000000085c       0x38 /Users/kevinlee/BuggyBuddies/LPC Projects/nxp_lpcxpresso_11c24_board_lib/Debug/libnxp_lpcxpresso_11c24_board_lib.a(board_sysinit.o)
 .text.Chip_Clock_IsSystemPLLLocked
                0x0000000000000894       0x1c /Users/kevinlee/BuggyBuddies/LPC Projects/nxp_lpcxpresso_11c24_board_lib/Debug/libnxp_lpcxpresso_11c24_board_lib.a(board_sysinit.o)
 .text.Chip_Clock_SetSysClockDiv
                0x00000000000008b0       0x1c /Users/kevinlee/BuggyBuddies/LPC Projects/nxp_lpcxpresso_11c24_board_lib/Debug/libnxp_lpcxpresso_11c24_board_lib.a(board_sysinit.o)
 .text.Chip_Clock_EnablePeriphClock
                0x00000000000008cc       0x30 /Users/kevinlee/BuggyBuddies/LPC Projects/nxp_lpcxpresso_11c24_board_lib/Debug/libnxp_lpcxpresso_11c24_board_lib.a(board_sysinit.o)
 .text.Chip_IOCON_PinMuxSet
                0x00000000000008fc       0x28 /Users/kevinlee/BuggyBuddies/LPC Projects/nxp_lpcxpresso_11c24_board_lib/Debug/libnxp_lpcxpresso_11c24_board_lib.a(board_sysinit.o)
 .text.SystemSetupClocking
                0x0000000000000924       0x68 /Users/kevinlee/BuggyBuddies/LPC Projects/nxp_lpcxpresso_11c24_board_lib/Debug/libnxp_lpcxpresso_11c24_board_lib.a(board_sysinit.o)
 .text.SystemSetupMuxing
                0x000000000000098c       0x4c /Users/kevinlee/BuggyBuddies/LPC Projects/nxp_lpcxpresso_11c24_board_lib/Debug/libnxp_lpcxpresso_11c24_board_lib.a(board_sysinit.o)
 .text.Board_SystemInit
                0x00000000000009d8       0x14 /Users/kevinlee/BuggyBuddies/LPC Projects/nxp_lpcxpresso_11c24_board_lib/Debug/libnxp_lpcxpresso_11c24_board_lib.a(board_sysinit.o)
                0x00000000000009d8                Board_SystemInit
 .text.SystemCoreClockUpdate
                0x00000000000009ec       0x18 /Users/kevinlee/BuggyBuddies/LPC Projects/lpc_chip_11cxx_lib/Debug/liblpc_chip_11cxx_lib.a(chip_11xx.o)
                0x00000000000009ec                SystemCoreClockUpdate
 .text.Chip_Clock_GetMainOscRate
                0x0000000000000a04       0x14 /Users/kevinlee/BuggyBuddies/LPC Projects/lpc_chip_11cxx_lib/Debug/liblpc_chip_11cxx_lib.a(clock_11xx.o)
 .text.Chip_Clock_GetIntOscRate
                0x0000000000000a18       0x10 /Users/kevinlee/BuggyBuddies/LPC Projects/lpc_chip_11cxx_lib/Debug/liblpc_chip_11cxx_lib.a(clock_11xx.o)
 .text.Chip_Clock_GetWDTLFORate
                0x0000000000000a28       0x48 /Users/kevinlee/BuggyBuddies/LPC Projects/lpc_chip_11cxx_lib/Debug/liblpc_chip_11cxx_lib.a(clock_11xx.o)
 .text.Chip_Clock_GetPLLFreq
                0x0000000000000a70       0x24 /Users/kevinlee/BuggyBuddies/LPC Projects/lpc_chip_11cxx_lib/Debug/liblpc_chip_11cxx_lib.a(clock_11xx.o)
 .text.Chip_Clock_SetSystemPLLSource
                0x0000000000000a94       0x2c /Users/kevinlee/BuggyBuddies/LPC Projects/lpc_chip_11cxx_lib/Debug/liblpc_chip_11cxx_lib.a(clock_11xx.o)
                0x0000000000000a94                Chip_Clock_SetSystemPLLSource
 .text.Chip_Clock_SetMainClockSource
                0x0000000000000ac0       0x2c /Users/kevinlee/BuggyBuddies/LPC Projects/lpc_chip_11cxx_lib/Debug/liblpc_chip_11cxx_lib.a(clock_11xx.o)
                0x0000000000000ac0                Chip_Clock_SetMainClockSource
 .text.Chip_Clock_GetWDTOSCRate
                0x0000000000000aec       0x1c /Users/kevinlee/BuggyBuddies/LPC Projects/lpc_chip_11cxx_lib/Debug/liblpc_chip_11cxx_lib.a(clock_11xx.o)
                0x0000000000000aec                Chip_Clock_GetWDTOSCRate
 .text.Chip_Clock_GetSystemPLLInClockRate
                0x0000000000000b08       0x40 /Users/kevinlee/BuggyBuddies/LPC Projects/lpc_chip_11cxx_lib/Debug/liblpc_chip_11cxx_lib.a(clock_11xx.o)
                0x0000000000000b08                Chip_Clock_GetSystemPLLInClockRate
 .text.Chip_Clock_GetSystemPLLOutClockRate
                0x0000000000000b48       0x24 /Users/kevinlee/BuggyBuddies/LPC Projects/lpc_chip_11cxx_lib/Debug/liblpc_chip_11cxx_lib.a(clock_11xx.o)
                0x0000000000000b48                Chip_Clock_GetSystemPLLOutClockRate
 .text.Chip_Clock_GetMainClockRate
                0x0000000000000b6c       0x60 /Users/kevinlee/BuggyBuddies/LPC Projects/lpc_chip_11cxx_lib/Debug/liblpc_chip_11cxx_lib.a(clock_11xx.o)
                0x0000000000000b6c                Chip_Clock_GetMainClockRate
 .text.Chip_Clock_GetSystemClockRate
                0x0000000000000bcc       0x24 /Users/kevinlee/BuggyBuddies/LPC Projects/lpc_chip_11cxx_lib/Debug/liblpc_chip_11cxx_lib.a(clock_11xx.o)
                0x0000000000000bcc                Chip_Clock_GetSystemClockRate
 .text.Chip_Clock_EnablePeriphClock
                0x0000000000000bf0       0x30 /Users/kevinlee/BuggyBuddies/LPC Projects/lpc_chip_11cxx_lib/Debug/liblpc_chip_11cxx_lib.a(gpio_11xx_2.o)
 .text.Chip_GPIO_SetPinModeEdge
                0x0000000000000c20       0x44 /Users/kevinlee/BuggyBuddies/LPC Projects/lpc_chip_11cxx_lib/Debug/liblpc_chip_11cxx_lib.a(gpio_11xx_2.o)
 .text.Chip_GPIO_SetPinModeLevel
                0x0000000000000c64       0x44 /Users/kevinlee/BuggyBuddies/LPC Projects/lpc_chip_11cxx_lib/Debug/liblpc_chip_11cxx_lib.a(gpio_11xx_2.o)
 .text.Chip_GPIO_SetEdgeModeBoth
                0x0000000000000ca8       0x44 /Users/kevinlee/BuggyBuddies/LPC Projects/lpc_chip_11cxx_lib/Debug/liblpc_chip_11cxx_lib.a(gpio_11xx_2.o)
 .text.Chip_GPIO_SetEdgeModeSingle
                0x0000000000000cec       0x44 /Users/kevinlee/BuggyBuddies/LPC Projects/lpc_chip_11cxx_lib/Debug/liblpc_chip_11cxx_lib.a(gpio_11xx_2.o)
 .text.Chip_GPIO_SetModeHigh
                0x0000000000000d30       0x44 /Users/kevinlee/BuggyBuddies/LPC Projects/lpc_chip_11cxx_lib/Debug/liblpc_chip_11cxx_lib.a(gpio_11xx_2.o)
 .text.Chip_GPIO_SetModeLow
                0x0000000000000d74       0x44 /Users/kevinlee/BuggyBuddies/LPC Projects/lpc_chip_11cxx_lib/Debug/liblpc_chip_11cxx_lib.a(gpio_11xx_2.o)
 .text.Chip_GPIO_Init
                0x0000000000000db8       0x18 /Users/kevinlee/BuggyBuddies/LPC Projects/lpc_chip_11cxx_lib/Debug/liblpc_chip_11cxx_lib.a(gpio_11xx_2.o)
                0x0000000000000db8                Chip_GPIO_Init
 .text.Chip_GPIO_SetupPinInt
                0x0000000000000dd0       0xac /Users/kevinlee/BuggyBuddies/LPC Projects/lpc_chip_11cxx_lib/Debug/liblpc_chip_11cxx_lib.a(gpio_11xx_2.o)
                0x0000000000000dd0                Chip_GPIO_SetupPinInt
 .text.Chip_SYSCTL_SetWakeup
                0x0000000000000e7c       0x28 /Users/kevinlee/BuggyBuddies/LPC Projects/lpc_chip_11cxx_lib/Debug/liblpc_chip_11cxx_lib.a(sysctl_11xx.o)
                0x0000000000000e7c                Chip_SYSCTL_SetWakeup
 .text.Chip_SYSCTL_PowerDown
                0x0000000000000ea4       0x40 /Users/kevinlee/BuggyBuddies/LPC Projects/lpc_chip_11cxx_lib/Debug/liblpc_chip_11cxx_lib.a(sysctl_11xx.o)
                0x0000000000000ea4                Chip_SYSCTL_PowerDown
 .text.Chip_SYSCTL_PowerUp
                0x0000000000000ee4       0x40 /Users/kevinlee/BuggyBuddies/LPC Projects/lpc_chip_11cxx_lib/Debug/liblpc_chip_11cxx_lib.a(sysctl_11xx.o)
                0x0000000000000ee4                Chip_SYSCTL_PowerUp
 .text.Chip_Clock_EnablePeriphClock
                0x0000000000000f24       0x30 /Users/kevinlee/BuggyBuddies/LPC Projects/lpc_chip_11cxx_lib/Debug/liblpc_chip_11cxx_lib.a(uart_11xx.o)
 .text.Chip_Clock_SetUARTClockDiv
                0x0000000000000f54       0x1c /Users/kevinlee/BuggyBuddies/LPC Projects/lpc_chip_11cxx_lib/Debug/liblpc_chip_11cxx_lib.a(uart_11xx.o)
 .text.Chip_UART_SendByte
                0x0000000000000f70       0x20 /Users/kevinlee/BuggyBuddies/LPC Projects/lpc_chip_11cxx_lib/Debug/liblpc_chip_11cxx_lib.a(uart_11xx.o)
 .text.Chip_UART_SetupFIFOS
                0x0000000000000f90       0x18 /Users/kevinlee/BuggyBuddies/LPC Projects/lpc_chip_11cxx_lib/Debug/liblpc_chip_11cxx_lib.a(uart_11xx.o)
 .text.Chip_UART_ConfigData
                0x0000000000000fa8       0x18 /Users/kevinlee/BuggyBuddies/LPC Projects/lpc_chip_11cxx_lib/Debug/liblpc_chip_11cxx_lib.a(uart_11xx.o)
 .text.Chip_UART_EnableDivisorAccess
                0x0000000000000fc0       0x1c /Users/kevinlee/BuggyBuddies/LPC Projects/lpc_chip_11cxx_lib/Debug/liblpc_chip_11cxx_lib.a(uart_11xx.o)
 .text.Chip_UART_DisableDivisorAccess
                0x0000000000000fdc       0x20 /Users/kevinlee/BuggyBuddies/LPC Projects/lpc_chip_11cxx_lib/Debug/liblpc_chip_11cxx_lib.a(uart_11xx.o)
 .text.Chip_UART_SetDivisorLatches
                0x0000000000000ffc       0x30 /Users/kevinlee/BuggyBuddies/LPC Projects/lpc_chip_11cxx_lib/Debug/liblpc_chip_11cxx_lib.a(uart_11xx.o)
 .text.Chip_UART_ReadLineStatus
                0x000000000000102c       0x14 /Users/kevinlee/BuggyBuddies/LPC Projects/lpc_chip_11cxx_lib/Debug/liblpc_chip_11cxx_lib.a(uart_11xx.o)
 .text.Chip_UART_Init
                0x0000000000001040       0x38 /Users/kevinlee/BuggyBuddies/LPC Projects/lpc_chip_11cxx_lib/Debug/liblpc_chip_11cxx_lib.a(uart_11xx.o)
                0x0000000000001040                Chip_UART_Init
 .text.Chip_UART_Send
                0x0000000000001078       0x54 /Users/kevinlee/BuggyBuddies/LPC Projects/lpc_chip_11cxx_lib/Debug/liblpc_chip_11cxx_lib.a(uart_11xx.o)
                0x0000000000001078                Chip_UART_Send
 .text.Chip_UART_SendBlocking
                0x00000000000010cc       0x50 /Users/kevinlee/BuggyBuddies/LPC Projects/lpc_chip_11cxx_lib/Debug/liblpc_chip_11cxx_lib.a(uart_11xx.o)
                0x00000000000010cc                Chip_UART_SendBlocking
 .text.Chip_UART_SetBaud
                0x000000000000111c       0x64 /Users/kevinlee/BuggyBuddies/LPC Projects/lpc_chip_11cxx_lib/Debug/liblpc_chip_11cxx_lib.a(uart_11xx.o)
                0x000000000000111c                Chip_UART_SetBaud
 .text.__weak_main
                0x0000000000001180        0x8 /Applications/lpcxpresso_8.2.2_650/lpcxpresso/tools/bin/../lib/gcc/arm-none-eabi/5.4.1/../../../../arm-none-eabi/lib/armv6-m/libcr_c.a(__weak__main.o)
                0x0000000000001180                __main
                0x0000000000001180                __weak_main
 .text.__aeabi_division_idivmod
                0x0000000000001188       0x78 /Applications/lpcxpresso_8.2.2_650/lpcxpresso/tools/bin/../lib/gcc/arm-none-eabi/5.4.1/armv6-m/libcr_eabihelpers.a(division_32.o)
                0x0000000000001188                __aeabi_idiv
                0x0000000000001188                __aeabi_idivmod
                0x000000000000118e                __aeabi_uidiv
                0x000000000000118e                __aeabi_uidivmod
 .text.__aeabi_division_idiv0
                0x0000000000001200        0x2 /Applications/lpcxpresso_8.2.2_650/lpcxpresso/tools/bin/../lib/gcc/arm-none-eabi/5.4.1/armv6-m/libcr_eabihelpers.a(division_idiv0.o)
                0x0000000000001200                __aeabi_idiv0
 *(.rodata .rodata.* .constdata .constdata.*)
 *fill*         0x0000000000001202        0x2 ff
 .rodata        0x0000000000001204       0x39 ./src/quadrature_encoder.o
 *fill*         0x000000000000123d        0x3 ff
 .rodata.PIOINT0_IRQHandler
                0x0000000000001240       0x3c ./src/quadrature_encoder.o
 .rodata.OscRateIn
                0x000000000000127c        0x4 /Users/kevinlee/BuggyBuddies/LPC Projects/nxp_lpcxpresso_11c24_board_lib/Debug/libnxp_lpcxpresso_11c24_board_lib.a(board.o)
                0x000000000000127c                OscRateIn
 .rodata.pinmuxing
                0x0000000000001280       0x28 /Users/kevinlee/BuggyBuddies/LPC Projects/nxp_lpcxpresso_11c24_board_lib/Debug/libnxp_lpcxpresso_11c24_board_lib.a(board_sysinit.o)
 .rodata.wdtOSCRate
                0x00000000000012a8       0x40 /Users/kevinlee/BuggyBuddies/LPC Projects/lpc_chip_11cxx_lib/Debug/liblpc_chip_11cxx_lib.a(clock_11xx.o)
                0x00000000000012e8                . = ALIGN (0x4)

.glue_7         0x00000000000012e8        0x0
 .glue_7        0x00000000000012e8        0x0 linker stubs

.glue_7t        0x00000000000012e8        0x0
 .glue_7t       0x00000000000012e8        0x0 linker stubs

.vfp11_veneer   0x00000000000012e8        0x0
 .vfp11_veneer  0x00000000000012e8        0x0 linker stubs

.v4_bx          0x00000000000012e8        0x0
 .v4_bx         0x00000000000012e8        0x0 linker stubs

.iplt           0x00000000000012e8        0x0
 .iplt          0x00000000000012e8        0x0 ./src/cr_startup_lpc11xx.o

.rel.dyn        0x00000000000012e8        0x0
 .rel.iplt      0x00000000000012e8        0x0 ./src/cr_startup_lpc11xx.o

.ARM.extab
 *(.ARM.extab* .gnu.linkonce.armextab.*)
                0x00000000000012e8                __exidx_start = .

.ARM.exidx
 *(.ARM.exidx* .gnu.linkonce.armexidx.*)
                0x00000000000012e8                __exidx_end = .
                0x00000000000012e8                _etext = .

.uninit_RESERVED
                0x0000000010000000        0x0
 *(.bss.$RESERVED*)
                0x0000000010000000                . = ALIGN (0x4)
                0x0000000010000000                _end_uninit_RESERVED = .

.data           0x0000000010000000        0x0 load address 0x00000000000012e8
 FILL mask 0xff
                0x0000000010000000                _data = .
 *(vtable)
 *(.ramfunc*)
 *(.data*)
                0x0000000010000000                . = ALIGN (0x4)
                0x0000000010000000                _edata = .

.igot.plt       0x0000000010000000        0x0 load address 0x00000000000012e8
 .igot.plt      0x0000000010000000        0x0 ./src/cr_startup_lpc11xx.o

.bss            0x0000000010000000       0x10 load address 0x00000000000012e8
                0x0000000010000000                _bss = .
 *(.bss*)
 .bss.last_state
                0x0000000010000000        0x1 ./src/quadrature_encoder.o
                0x0000000010000000                last_state
 *fill*         0x0000000010000001        0x3 
 .bss.ticks     0x0000000010000004        0x4 ./src/quadrature_encoder.o
                0x0000000010000004                ticks
 .bss.i.5958    0x0000000010000008        0x4 ./src/quadrature_encoder.o
 *(COMMON)
 COMMON         0x000000001000000c        0x4 /Users/kevinlee/BuggyBuddies/LPC Projects/lpc_chip_11cxx_lib/Debug/liblpc_chip_11cxx_lib.a(chip_11xx.o)
                0x000000001000000c                SystemCoreClock
                0x0000000010000010                . = ALIGN (0x4)
                0x0000000010000010                _ebss = .
                [!provide]                        PROVIDE (end, .)

.noinit         0x0000000010000010        0x0 load address 0x00000000000012e8
                0x0000000010000010                _noinit = .
 *(.noinit*)
                0x0000000010000010                . = ALIGN (0x4)
                0x0000000010000010                _end_noinit = .
                [!provide]                        PROVIDE (_pvHeapStart, DEFINED (__user_heap_base)?__user_heap_base:.)
                0x0000000010002000                PROVIDE (_vStackTop, DEFINED (__user_stack_top)?__user_stack_top:(__top_RamLoc8 - 0x0))
                0xffffffffefffdb1d                PROVIDE (__valid_user_code_checksum, (0x0 - (((_vStackTop + (ResetISR + 0x1)) + (DEFINED (NMI_Handler)?NMI_Handler:M0_NMI_Handler + 0x1)) + (DEFINED (HardFault_Handler)?HardFault_Handler:M0_HardFault_Handler + 0x1))))
OUTPUT(quadrature_encoder.axf elf32-littlearm)

.debug_info     0x0000000000000000     0x49e1
 .debug_info    0x0000000000000000      0x203 ./src/cr_startup_lpc11xx.o
 .debug_info    0x0000000000000203       0x3f ./src/crp.o
 .debug_info    0x0000000000000242      0xbc5 ./src/quadrature_encoder.o
 .debug_info    0x0000000000000e07       0xb8 ./src/sysinit.o
 .debug_info    0x0000000000000ebf      0x825 /Users/kevinlee/BuggyBuddies/LPC Projects/nxp_lpcxpresso_11c24_board_lib/Debug/libnxp_lpcxpresso_11c24_board_lib.a(board.o)
 .debug_info    0x00000000000016e4      0xa36 /Users/kevinlee/BuggyBuddies/LPC Projects/nxp_lpcxpresso_11c24_board_lib/Debug/libnxp_lpcxpresso_11c24_board_lib.a(board_sysinit.o)
 .debug_info    0x000000000000211a       0xc2 /Users/kevinlee/BuggyBuddies/LPC Projects/lpc_chip_11cxx_lib/Debug/liblpc_chip_11cxx_lib.a(chip_11xx.o)
 .debug_info    0x00000000000021dc      0x893 /Users/kevinlee/BuggyBuddies/LPC Projects/lpc_chip_11cxx_lib/Debug/liblpc_chip_11cxx_lib.a(clock_11xx.o)
 .debug_info    0x0000000000002a6f      0xb59 /Users/kevinlee/BuggyBuddies/LPC Projects/lpc_chip_11cxx_lib/Debug/liblpc_chip_11cxx_lib.a(gpio_11xx_2.o)
 .debug_info    0x00000000000035c8      0x593 /Users/kevinlee/BuggyBuddies/LPC Projects/lpc_chip_11cxx_lib/Debug/liblpc_chip_11cxx_lib.a(sysctl_11xx.o)
 .debug_info    0x0000000000003b5b      0xe86 /Users/kevinlee/BuggyBuddies/LPC Projects/lpc_chip_11cxx_lib/Debug/liblpc_chip_11cxx_lib.a(uart_11xx.o)

.debug_abbrev   0x0000000000000000      0xeb0
 .debug_abbrev  0x0000000000000000       0xe6 ./src/cr_startup_lpc11xx.o
 .debug_abbrev  0x00000000000000e6       0x36 ./src/crp.o
 .debug_abbrev  0x000000000000011c      0x242 ./src/quadrature_encoder.o
 .debug_abbrev  0x000000000000035e       0x6a ./src/sysinit.o
 .debug_abbrev  0x00000000000003c8      0x24c /Users/kevinlee/BuggyBuddies/LPC Projects/nxp_lpcxpresso_11c24_board_lib/Debug/libnxp_lpcxpresso_11c24_board_lib.a(board.o)
 .debug_abbrev  0x0000000000000614      0x1e7 /Users/kevinlee/BuggyBuddies/LPC Projects/nxp_lpcxpresso_11c24_board_lib/Debug/libnxp_lpcxpresso_11c24_board_lib.a(board_sysinit.o)
 .debug_abbrev  0x00000000000007fb       0x7b /Users/kevinlee/BuggyBuddies/LPC Projects/lpc_chip_11cxx_lib/Debug/liblpc_chip_11cxx_lib.a(chip_11xx.o)
 .debug_abbrev  0x0000000000000876      0x1c0 /Users/kevinlee/BuggyBuddies/LPC Projects/lpc_chip_11cxx_lib/Debug/liblpc_chip_11cxx_lib.a(clock_11xx.o)
 .debug_abbrev  0x0000000000000a36      0x1a9 /Users/kevinlee/BuggyBuddies/LPC Projects/lpc_chip_11cxx_lib/Debug/liblpc_chip_11cxx_lib.a(gpio_11xx_2.o)
 .debug_abbrev  0x0000000000000bdf       0xce /Users/kevinlee/BuggyBuddies/LPC Projects/lpc_chip_11cxx_lib/Debug/liblpc_chip_11cxx_lib.a(sysctl_11xx.o)
 .debug_abbrev  0x0000000000000cad      0x203 /Users/kevinlee/BuggyBuddies/LPC Projects/lpc_chip_11cxx_lib/Debug/liblpc_chip_11cxx_lib.a(uart_11xx.o)

.debug_aranges  0x0000000000000000      0x498
 .debug_aranges
                0x0000000000000000       0x60 ./src/cr_startup_lpc11xx.o
 .debug_aranges
                0x0000000000000060       0x18 ./src/crp.o
 .debug_aranges
                0x0000000000000078       0x70 ./src/quadrature_encoder.o
 .debug_aranges
                0x00000000000000e8       0x20 ./src/sysinit.o
 .debug_aranges
                0x0000000000000108       0xb0 /Users/kevinlee/BuggyBuddies/LPC Projects/nxp_lpcxpresso_11c24_board_lib/Debug/libnxp_lpcxpresso_11c24_board_lib.a(board.o)
 .debug_aranges
                0x00000000000001b8       0x60 /Users/kevinlee/BuggyBuddies/LPC Projects/nxp_lpcxpresso_11c24_board_lib/Debug/libnxp_lpcxpresso_11c24_board_lib.a(board_sysinit.o)
 .debug_aranges
                0x0000000000000218       0x20 /Users/kevinlee/BuggyBuddies/LPC Projects/lpc_chip_11cxx_lib/Debug/liblpc_chip_11cxx_lib.a(chip_11xx.o)
 .debug_aranges
                0x0000000000000238       0x88 /Users/kevinlee/BuggyBuddies/LPC Projects/lpc_chip_11cxx_lib/Debug/liblpc_chip_11cxx_lib.a(clock_11xx.o)
 .debug_aranges
                0x00000000000002c0       0xb0 /Users/kevinlee/BuggyBuddies/LPC Projects/lpc_chip_11cxx_lib/Debug/liblpc_chip_11cxx_lib.a(gpio_11xx_2.o)
 .debug_aranges
                0x0000000000000370       0x38 /Users/kevinlee/BuggyBuddies/LPC Projects/lpc_chip_11cxx_lib/Debug/liblpc_chip_11cxx_lib.a(sysctl_11xx.o)
 .debug_aranges
                0x00000000000003a8       0xf0 /Users/kevinlee/BuggyBuddies/LPC Projects/lpc_chip_11cxx_lib/Debug/liblpc_chip_11cxx_lib.a(uart_11xx.o)

.debug_ranges   0x0000000000000000      0x3e0
 .debug_ranges  0x0000000000000000       0x50 ./src/cr_startup_lpc11xx.o
 .debug_ranges  0x0000000000000050       0x60 ./src/quadrature_encoder.o
 .debug_ranges  0x00000000000000b0       0x10 ./src/sysinit.o
 .debug_ranges  0x00000000000000c0       0xa0 /Users/kevinlee/BuggyBuddies/LPC Projects/nxp_lpcxpresso_11c24_board_lib/Debug/libnxp_lpcxpresso_11c24_board_lib.a(board.o)
 .debug_ranges  0x0000000000000160       0x50 /Users/kevinlee/BuggyBuddies/LPC Projects/nxp_lpcxpresso_11c24_board_lib/Debug/libnxp_lpcxpresso_11c24_board_lib.a(board_sysinit.o)
 .debug_ranges  0x00000000000001b0       0x10 /Users/kevinlee/BuggyBuddies/LPC Projects/lpc_chip_11cxx_lib/Debug/liblpc_chip_11cxx_lib.a(chip_11xx.o)
 .debug_ranges  0x00000000000001c0       0x78 /Users/kevinlee/BuggyBuddies/LPC Projects/lpc_chip_11cxx_lib/Debug/liblpc_chip_11cxx_lib.a(clock_11xx.o)
 .debug_ranges  0x0000000000000238       0xa0 /Users/kevinlee/BuggyBuddies/LPC Projects/lpc_chip_11cxx_lib/Debug/liblpc_chip_11cxx_lib.a(gpio_11xx_2.o)
 .debug_ranges  0x00000000000002d8       0x28 /Users/kevinlee/BuggyBuddies/LPC Projects/lpc_chip_11cxx_lib/Debug/liblpc_chip_11cxx_lib.a(sysctl_11xx.o)
 .debug_ranges  0x0000000000000300       0xe0 /Users/kevinlee/BuggyBuddies/LPC Projects/lpc_chip_11cxx_lib/Debug/liblpc_chip_11cxx_lib.a(uart_11xx.o)

.debug_macro    0x0000000000000000     0x349f
 .debug_macro   0x0000000000000000       0x1d ./src/cr_startup_lpc11xx.o
 .debug_macro   0x000000000000001d      0x83e ./src/cr_startup_lpc11xx.o
 .debug_macro   0x000000000000085b       0x1a ./src/crp.o
 .debug_macro   0x0000000000000875       0x34 ./src/crp.o
 .debug_macro   0x00000000000008a9      0x1b6 ./src/quadrature_encoder.o
 .debug_macro   0x0000000000000a5f       0x10 ./src/quadrature_encoder.o
 .debug_macro   0x0000000000000a6f      0x12d ./src/quadrature_encoder.o
 .debug_macro   0x0000000000000b9c      0x5b2 ./src/quadrature_encoder.o
 .debug_macro   0x000000000000114e       0x22 ./src/quadrature_encoder.o
 .debug_macro   0x0000000000001170       0x7b ./src/quadrature_encoder.o
 .debug_macro   0x00000000000011eb       0x10 ./src/quadrature_encoder.o
 .debug_macro   0x00000000000011fb       0x1f ./src/quadrature_encoder.o
 .debug_macro   0x000000000000121a       0x3a ./src/quadrature_encoder.o
 .debug_macro   0x0000000000001254      0x241 ./src/quadrature_encoder.o
 .debug_macro   0x0000000000001495      0x117 ./src/quadrature_encoder.o
 .debug_macro   0x00000000000015ac       0x22 ./src/quadrature_encoder.o
 .debug_macro   0x00000000000015ce       0xb2 ./src/quadrature_encoder.o
 .debug_macro   0x0000000000001680       0x10 ./src/quadrature_encoder.o
 .debug_macro   0x0000000000001690      0x137 ./src/quadrature_encoder.o
 .debug_macro   0x00000000000017c7       0x4c ./src/quadrature_encoder.o
 .debug_macro   0x0000000000001813       0x16 ./src/quadrature_encoder.o
 .debug_macro   0x0000000000001829      0x31a ./src/quadrature_encoder.o
 .debug_macro   0x0000000000001b43       0x2e ./src/quadrature_encoder.o
 .debug_macro   0x0000000000001b71       0xb8 ./src/quadrature_encoder.o
 .debug_macro   0x0000000000001c29       0x11 ./src/quadrature_encoder.o
 .debug_macro   0x0000000000001c3a       0x7c ./src/quadrature_encoder.o
 .debug_macro   0x0000000000001cb6      0x21c ./src/quadrature_encoder.o
 .debug_macro   0x0000000000001ed2      0x113 ./src/quadrature_encoder.o
 .debug_macro   0x0000000000001fe5       0x10 ./src/quadrature_encoder.o
 .debug_macro   0x0000000000001ff5       0x9a ./src/quadrature_encoder.o
 .debug_macro   0x000000000000208f       0x20 ./src/quadrature_encoder.o
 .debug_macro   0x00000000000020af       0x82 ./src/quadrature_encoder.o
 .debug_macro   0x0000000000002131      0x17d ./src/sysinit.o
 .debug_macro   0x00000000000022ae      0x18a /Users/kevinlee/BuggyBuddies/LPC Projects/nxp_lpcxpresso_11c24_board_lib/Debug/libnxp_lpcxpresso_11c24_board_lib.a(board.o)
 .debug_macro   0x0000000000002438      0x838 /Users/kevinlee/BuggyBuddies/LPC Projects/nxp_lpcxpresso_11c24_board_lib/Debug/libnxp_lpcxpresso_11c24_board_lib.a(board.o)
 .debug_macro   0x0000000000002c70       0x12 /Users/kevinlee/BuggyBuddies/LPC Projects/nxp_lpcxpresso_11c24_board_lib/Debug/libnxp_lpcxpresso_11c24_board_lib.a(board.o)
 .debug_macro   0x0000000000002c82      0x18b /Users/kevinlee/BuggyBuddies/LPC Projects/nxp_lpcxpresso_11c24_board_lib/Debug/libnxp_lpcxpresso_11c24_board_lib.a(board_sysinit.o)
 .debug_macro   0x0000000000002e0d      0x148 /Users/kevinlee/BuggyBuddies/LPC Projects/lpc_chip_11cxx_lib/Debug/liblpc_chip_11cxx_lib.a(chip_11xx.o)
 .debug_macro   0x0000000000002f55      0x148 /Users/kevinlee/BuggyBuddies/LPC Projects/lpc_chip_11cxx_lib/Debug/liblpc_chip_11cxx_lib.a(clock_11xx.o)
 .debug_macro   0x000000000000309d      0x148 /Users/kevinlee/BuggyBuddies/LPC Projects/lpc_chip_11cxx_lib/Debug/liblpc_chip_11cxx_lib.a(gpio_11xx_2.o)
 .debug_macro   0x00000000000031e5      0x172 /Users/kevinlee/BuggyBuddies/LPC Projects/lpc_chip_11cxx_lib/Debug/liblpc_chip_11cxx_lib.a(sysctl_11xx.o)
 .debug_macro   0x0000000000003357      0x148 /Users/kevinlee/BuggyBuddies/LPC Projects/lpc_chip_11cxx_lib/Debug/liblpc_chip_11cxx_lib.a(uart_11xx.o)

.debug_line     0x0000000000000000     0x253e
 .debug_line    0x0000000000000000       0xba ./src/cr_startup_lpc11xx.o
 .debug_line    0x00000000000000ba       0x7f ./src/crp.o
 .debug_line    0x0000000000000139      0x4a7 ./src/quadrature_encoder.o
 .debug_line    0x00000000000005e0      0x337 ./src/sysinit.o
 .debug_line    0x0000000000000917      0x4c0 /Users/kevinlee/BuggyBuddies/LPC Projects/nxp_lpcxpresso_11c24_board_lib/Debug/libnxp_lpcxpresso_11c24_board_lib.a(board.o)
 .debug_line    0x0000000000000dd7      0x422 /Users/kevinlee/BuggyBuddies/LPC Projects/nxp_lpcxpresso_11c24_board_lib/Debug/libnxp_lpcxpresso_11c24_board_lib.a(board_sysinit.o)
 .debug_line    0x00000000000011f9      0x2c7 /Users/kevinlee/BuggyBuddies/LPC Projects/lpc_chip_11cxx_lib/Debug/liblpc_chip_11cxx_lib.a(chip_11xx.o)
 .debug_line    0x00000000000014c0      0x3f1 /Users/kevinlee/BuggyBuddies/LPC Projects/lpc_chip_11cxx_lib/Debug/liblpc_chip_11cxx_lib.a(clock_11xx.o)
 .debug_line    0x00000000000018b1      0x452 /Users/kevinlee/BuggyBuddies/LPC Projects/lpc_chip_11cxx_lib/Debug/liblpc_chip_11cxx_lib.a(gpio_11xx_2.o)
 .debug_line    0x0000000000001d03      0x304 /Users/kevinlee/BuggyBuddies/LPC Projects/lpc_chip_11cxx_lib/Debug/liblpc_chip_11cxx_lib.a(sysctl_11xx.o)
 .debug_line    0x0000000000002007      0x537 /Users/kevinlee/BuggyBuddies/LPC Projects/lpc_chip_11cxx_lib/Debug/liblpc_chip_11cxx_lib.a(uart_11xx.o)

.debug_str      0x0000000000000000     0x9e9c
 .debug_str     0x0000000000000000     0x2505 ./src/cr_startup_lpc11xx.o
                                       0x2518 (size before relaxing)
 .debug_str     0x0000000000002505       0xe9 ./src/crp.o
                                       0x247a (size before relaxing)
 .debug_str     0x00000000000025ee     0x676a ./src/quadrature_encoder.o
                                       0x8c37 (size before relaxing)
 .debug_str     0x0000000000008d58       0x11 ./src/sysinit.o
                                       0x800e (size before relaxing)
 .debug_str     0x0000000000008d69      0x249 /Users/kevinlee/BuggyBuddies/LPC Projects/nxp_lpcxpresso_11c24_board_lib/Debug/libnxp_lpcxpresso_11c24_board_lib.a(board.o)
                                       0x84a8 (size before relaxing)
 .debug_str     0x0000000000008fb2      0x444 /Users/kevinlee/BuggyBuddies/LPC Projects/nxp_lpcxpresso_11c24_board_lib/Debug/libnxp_lpcxpresso_11c24_board_lib.a(board_sysinit.o)
                                       0x8941 (size before relaxing)
 .debug_str     0x00000000000093f6       0x7c /Users/kevinlee/BuggyBuddies/LPC Projects/lpc_chip_11cxx_lib/Debug/liblpc_chip_11cxx_lib.a(chip_11xx.o)
                                       0x7d40 (size before relaxing)
 .debug_str     0x0000000000009472      0x447 /Users/kevinlee/BuggyBuddies/LPC Projects/lpc_chip_11cxx_lib/Debug/liblpc_chip_11cxx_lib.a(clock_11xx.o)
                                       0x8504 (size before relaxing)
 .debug_str     0x00000000000098b9      0x1ad /Users/kevinlee/BuggyBuddies/LPC Projects/lpc_chip_11cxx_lib/Debug/liblpc_chip_11cxx_lib.a(gpio_11xx_2.o)
                                       0x83e2 (size before relaxing)
 .debug_str     0x0000000000009a66      0x19f /Users/kevinlee/BuggyBuddies/LPC Projects/lpc_chip_11cxx_lib/Debug/liblpc_chip_11cxx_lib.a(sysctl_11xx.o)
                                       0x814e (size before relaxing)
 .debug_str     0x0000000000009c05      0x297 /Users/kevinlee/BuggyBuddies/LPC Projects/lpc_chip_11cxx_lib/Debug/liblpc_chip_11cxx_lib.a(uart_11xx.o)
                                       0x84b8 (size before relaxing)

.comment        0x0000000000000000       0xdc
 .comment       0x0000000000000000       0x6e ./src/cr_startup_lpc11xx.o
                                         0x6f (size before relaxing)
 .comment       0x000000000000006e       0x6f ./src/crp.o
 .comment       0x000000000000006e       0x6f ./src/quadrature_encoder.o
 .comment       0x000000000000006e       0x6f ./src/sysinit.o
 .comment       0x000000000000006e       0x6f /Users/kevinlee/BuggyBuddies/LPC Projects/nxp_lpcxpresso_11c24_board_lib/Debug/libnxp_lpcxpresso_11c24_board_lib.a(board.o)
 .comment       0x000000000000006e       0x6f /Users/kevinlee/BuggyBuddies/LPC Projects/nxp_lpcxpresso_11c24_board_lib/Debug/libnxp_lpcxpresso_11c24_board_lib.a(board_sysinit.o)
 .comment       0x000000000000006e       0x6f /Users/kevinlee/BuggyBuddies/LPC Projects/lpc_chip_11cxx_lib/Debug/liblpc_chip_11cxx_lib.a(chip_11xx.o)
 .comment       0x000000000000006e       0x6f /Users/kevinlee/BuggyBuddies/LPC Projects/lpc_chip_11cxx_lib/Debug/liblpc_chip_11cxx_lib.a(clock_11xx.o)
 .comment       0x000000000000006e       0x6f /Users/kevinlee/BuggyBuddies/LPC Projects/lpc_chip_11cxx_lib/Debug/liblpc_chip_11cxx_lib.a(gpio_11xx_2.o)
 .comment       0x000000000000006e       0x6f /Users/kevinlee/BuggyBuddies/LPC Projects/lpc_chip_11cxx_lib/Debug/liblpc_chip_11cxx_lib.a(sysctl_11xx.o)
 .comment       0x000000000000006e       0x6f /Users/kevinlee/BuggyBuddies/LPC Projects/lpc_chip_11cxx_lib/Debug/liblpc_chip_11cxx_lib.a(uart_11xx.o)
 .comment       0x000000000000006e       0x6e /Applications/lpcxpresso_8.2.2_650/lpcxpresso/tools/bin/../lib/gcc/arm-none-eabi/5.4.1/../../../../arm-none-eabi/lib/armv6-m/libcr_c.a(__weak__main.o)
                                         0x6f (size before relaxing)

.ARM.attributes
                0x0000000000000000       0x2f
 .ARM.attributes
                0x0000000000000000       0x31 ./src/cr_startup_lpc11xx.o
 .ARM.attributes
                0x0000000000000031       0x31 ./src/crp.o
 .ARM.attributes
                0x0000000000000062       0x31 ./src/quadrature_encoder.o
 .ARM.attributes
                0x0000000000000093       0x31 ./src/sysinit.o
 .ARM.attributes
                0x00000000000000c4       0x31 /Users/kevinlee/BuggyBuddies/LPC Projects/nxp_lpcxpresso_11c24_board_lib/Debug/libnxp_lpcxpresso_11c24_board_lib.a(board.o)
 .ARM.attributes
                0x00000000000000f5       0x31 /Users/kevinlee/BuggyBuddies/LPC Projects/nxp_lpcxpresso_11c24_board_lib/Debug/libnxp_lpcxpresso_11c24_board_lib.a(board_sysinit.o)
 .ARM.attributes
                0x0000000000000126       0x31 /Users/kevinlee/BuggyBuddies/LPC Projects/lpc_chip_11cxx_lib/Debug/liblpc_chip_11cxx_lib.a(chip_11xx.o)
 .ARM.attributes
                0x0000000000000157       0x31 /Users/kevinlee/BuggyBuddies/LPC Projects/lpc_chip_11cxx_lib/Debug/liblpc_chip_11cxx_lib.a(clock_11xx.o)
 .ARM.attributes
                0x0000000000000188       0x31 /Users/kevinlee/BuggyBuddies/LPC Projects/lpc_chip_11cxx_lib/Debug/liblpc_chip_11cxx_lib.a(gpio_11xx_2.o)
 .ARM.attributes
                0x00000000000001b9       0x31 /Users/kevinlee/BuggyBuddies/LPC Projects/lpc_chip_11cxx_lib/Debug/liblpc_chip_11cxx_lib.a(sysctl_11xx.o)
 .ARM.attributes
                0x00000000000001ea       0x31 /Users/kevinlee/BuggyBuddies/LPC Projects/lpc_chip_11cxx_lib/Debug/liblpc_chip_11cxx_lib.a(uart_11xx.o)
 .ARM.attributes
                0x000000000000021b       0x31 /Applications/lpcxpresso_8.2.2_650/lpcxpresso/tools/bin/../lib/gcc/arm-none-eabi/5.4.1/../../../../arm-none-eabi/lib/armv6-m/libcr_c.a(__weak__main.o)
 .ARM.attributes
                0x000000000000024c       0x21 /Applications/lpcxpresso_8.2.2_650/lpcxpresso/tools/bin/../lib/gcc/arm-none-eabi/5.4.1/armv6-m/libcr_eabihelpers.a(division_32.o)
 .ARM.attributes
                0x000000000000026d       0x21 /Applications/lpcxpresso_8.2.2_650/lpcxpresso/tools/bin/../lib/gcc/arm-none-eabi/5.4.1/armv6-m/libcr_eabihelpers.a(division_idiv0.o)

.debug_frame    0x0000000000000000      0xe98
 .debug_frame   0x0000000000000000      0x118 ./src/cr_startup_lpc11xx.o
 .debug_frame   0x0000000000000118      0x170 ./src/quadrature_encoder.o
 .debug_frame   0x0000000000000288       0x2c ./src/sysinit.o
 .debug_frame   0x00000000000002b4      0x260 /Users/kevinlee/BuggyBuddies/LPC Projects/nxp_lpcxpresso_11c24_board_lib/Debug/libnxp_lpcxpresso_11c24_board_lib.a(board.o)
 .debug_frame   0x0000000000000514      0x128 /Users/kevinlee/BuggyBuddies/LPC Projects/nxp_lpcxpresso_11c24_board_lib/Debug/libnxp_lpcxpresso_11c24_board_lib.a(board_sysinit.o)
 .debug_frame   0x000000000000063c       0x2c /Users/kevinlee/BuggyBuddies/LPC Projects/lpc_chip_11cxx_lib/Debug/liblpc_chip_11cxx_lib.a(chip_11xx.o)
 .debug_frame   0x0000000000000668      0x1c0 /Users/kevinlee/BuggyBuddies/LPC Projects/lpc_chip_11cxx_lib/Debug/liblpc_chip_11cxx_lib.a(clock_11xx.o)
 .debug_frame   0x0000000000000828      0x270 /Users/kevinlee/BuggyBuddies/LPC Projects/lpc_chip_11cxx_lib/Debug/liblpc_chip_11cxx_lib.a(gpio_11xx_2.o)
 .debug_frame   0x0000000000000a98       0x90 /Users/kevinlee/BuggyBuddies/LPC Projects/lpc_chip_11cxx_lib/Debug/liblpc_chip_11cxx_lib.a(sysctl_11xx.o)
 .debug_frame   0x0000000000000b28      0x370 /Users/kevinlee/BuggyBuddies/LPC Projects/lpc_chip_11cxx_lib/Debug/liblpc_chip_11cxx_lib.a(uart_11xx.o)
