19:37:10 **** Incremental Build of configuration Debug for project nxp_lpcxpresso_11c24_board_lib ****
make -r all 
Building file: ../src/board.c
Invoking: MCU C Compiler
arm-none-eabi-gcc -D__REDLIB__ -DDEBUG -D__CODE_RED -DCORE_M0 -I"/Users/vivaanbahl/Buggy/BuggyBuddies/LPC Projects/lpc_chip_11cxx_lib/inc" -I"/Users/vivaanbahl/Buggy/BuggyBuddies/LPC Projects/nxp_lpcxpresso_11c24_board_lib/inc" -O0 -g3 -Wall -c -fmessage-length=0 -fno-builtin -ffunction-sections -fdata-sections -mcpu=cortex-m0 -mthumb -D__REDLIB__ -specs=redlib.specs -MMD -MP -MF"src/board.d" -MT"src/board.o" -MT"src/board.d" -o "src/board.o" "../src/board.c"
In file included from /Users/vivaanbahl/Buggy/BuggyBuddies/LPC Projects/lpc_chip_11cxx_lib/inc/chip.h:232:0,
                 from /Users/vivaanbahl/Buggy/BuggyBuddies/LPC Projects/nxp_lpcxpresso_11c24_board_lib/inc/board.h:35,
                 from ../src/board.c:32:
/Users/vivaanbahl/Buggy/BuggyBuddies/LPC Projects/lpc_chip_11cxx_lib/inc/pmu_11xx.h:49:8: warning: missing terminating " character
 #error "LPC1125 support for the PMU driver is not ready
        ^
Finished building: ../src/board.c
 
Building file: ../src/board_sysinit.c
Invoking: MCU C Compiler
arm-none-eabi-gcc -D__REDLIB__ -DDEBUG -D__CODE_RED -DCORE_M0 -I"/Users/vivaanbahl/Buggy/BuggyBuddies/LPC Projects/lpc_chip_11cxx_lib/inc" -I"/Users/vivaanbahl/Buggy/BuggyBuddies/LPC Projects/nxp_lpcxpresso_11c24_board_lib/inc" -O0 -g3 -Wall -c -fmessage-length=0 -fno-builtin -ffunction-sections -fdata-sections -mcpu=cortex-m0 -mthumb -D__REDLIB__ -specs=redlib.specs -MMD -MP -MF"src/board_sysinit.d" -MT"src/board_sysinit.o" -MT"src/board_sysinit.d" -o "src/board_sysinit.o" "../src/board_sysinit.c"
In file included from /Users/vivaanbahl/Buggy/BuggyBuddies/LPC Projects/lpc_chip_11cxx_lib/inc/chip.h:232:0,
                 from /Users/vivaanbahl/Buggy/BuggyBuddies/LPC Projects/nxp_lpcxpresso_11c24_board_lib/inc/board.h:35,
                 from ../src/board_sysinit.c:32:
/Users/vivaanbahl/Buggy/BuggyBuddies/LPC Projects/lpc_chip_11cxx_lib/inc/pmu_11xx.h:49:8: warning: missing terminating " character
 #error "LPC1125 support for the PMU driver is not ready
        ^
Finished building: ../src/board_sysinit.c
 
Building target: libnxp_lpcxpresso_11c24_board_lib.a
Invoking: MCU Archiver
arm-none-eabi-ar -r  "libnxp_lpcxpresso_11c24_board_lib.a"  ./src/board.o ./src/board_sysinit.o   
arm-none-eabi-ar: creating libnxp_lpcxpresso_11c24_board_lib.a
Finished building target: libnxp_lpcxpresso_11c24_board_lib.a
 
make --no-print-directory post-build
Performing post-build steps
arm-none-eabi-size "libnxp_lpcxpresso_11c24_board_lib.a" ; # arm-none-eabi-objdump -h -S "libnxp_lpcxpresso_11c24_board_lib.a" >"libnxp_lpcxpresso_11c24_board_lib.lss"
   text	   data	    bss	    dec	    hex	filename
    864	      0	      0	    864	    360	board.o (ex libnxp_lpcxpresso_11c24_board_lib.a)
    488	      0	      0	    488	    1e8	board_sysinit.o (ex libnxp_lpcxpresso_11c24_board_lib.a)
 
19:37:20 **** Incremental Build of configuration Debug for project fatfs_filesys ****
make -r all 
Building file: ../src/fatfs_filesys.c
Invoking: MCU C Compiler
arm-none-eabi-gcc -D__REDLIB__ -DDEBUG -D__CODE_RED -DCORE_M0 -I"/Users/vivaanbahl/Buggy/BuggyBuddies/LPC Projects/lpc_chip_11cxx_lib/inc" -O0 -g3 -Wall -c -fmessage-length=0 -fno-builtin -ffunction-sections -fdata-sections -mcpu=cortex-m0 -mthumb -D__REDLIB__ -specs=redlib.specs -MMD -MP -MF"src/fatfs_filesys.d" -MT"src/fatfs_filesys.o" -MT"src/fatfs_filesys.d" -o "src/fatfs_filesys.o" "../src/fatfs_filesys.c"
../src/fatfs_filesys.c:31:8: error: unknown type name 'SSP_ConfigFormat'
 static SSP_ConfigFormat ssp_format;
        ^
../src/fatfs_filesys.c: In function 'init_spi_pins':
../src/fatfs_filesys.c:36:2: warning: implicit declaration of function 'Chip_IOCON_PinMuxSet' [-Wimplicit-function-declaration]
  Chip_IOCON_PinMuxSet(LPC_IOCON, IOCON_PIO1_6, (IOCON_FUNC1 | IOCON_MODE_INACT));/* UART RXD */
  ^
../src/fatfs_filesys.c:36:23: error: 'LPC_IOCON' undeclared (first use in this function)
  Chip_IOCON_PinMuxSet(LPC_IOCON, IOCON_PIO1_6, (IOCON_FUNC1 | IOCON_MODE_INACT));/* UART RXD */
                       ^
../src/fatfs_filesys.c:36:23: note: each undeclared identifier is reported only once for each function it appears in
../src/fatfs_filesys.c:36:34: error: 'IOCON_PIO1_6' undeclared (first use in this function)
  Chip_IOCON_PinMuxSet(LPC_IOCON, IOCON_PIO1_6, (IOCON_FUNC1 | IOCON_MODE_INACT));/* UART RXD */
                                  ^
../src/fatfs_filesys.c:36:49: error: 'IOCON_FUNC1' undeclared (first use in this function)
  Chip_IOCON_PinMuxSet(LPC_IOCON, IOCON_PIO1_6, (IOCON_FUNC1 | IOCON_MODE_INACT));/* UART RXD */
                                                 ^
../src/fatfs_filesys.c:36:63: error: 'IOCON_MODE_INACT' undeclared (first use in this function)
  Chip_IOCON_PinMuxSet(LPC_IOCON, IOCON_PIO1_6, (IOCON_FUNC1 | IOCON_MODE_INACT));/* UART RXD */
                                                               ^
../src/fatfs_filesys.c:37:34: error: 'IOCON_PIO1_7' undeclared (first use in this function)
  Chip_IOCON_PinMuxSet(LPC_IOCON, IOCON_PIO1_7, (IOCON_FUNC1 | IOCON_MODE_INACT));/* UART TXD */
                                  ^
../src/fatfs_filesys.c:38:34: error: 'IOCON_PIO0_8' undeclared (first use in this function)
  Chip_IOCON_PinMuxSet(LPC_IOCON, IOCON_PIO0_8, (IOCON_FUNC1 | IOCON_MODE_INACT)); /* MISO0 */
                                  ^
../src/fatfs_filesys.c:39:34: error: 'IOCON_PIO0_9' undeclared (first use in this function)
  Chip_IOCON_PinMuxSet(LPC_IOCON, IOCON_PIO0_9, (IOCON_FUNC1 | IOCON_MODE_INACT)); /* MOSI0 */
                                  ^
../src/fatfs_filesys.c:40:34: error: 'IOCON_PIO0_2' undeclared (first use in this function)
  Chip_IOCON_PinMuxSet(LPC_IOCON, IOCON_PIO0_2, (IOCON_FUNC1 | IOCON_MODE_INACT)); /* SSEL0 */
                                  ^
../src/fatfs_filesys.c:41:34: error: 'IOCON_PIO2_11' undeclared (first use in this function)
  Chip_IOCON_PinMuxSet(LPC_IOCON, IOCON_PIO2_11, (IOCON_FUNC1 | IOCON_MODE_INACT)); /* SCK0 */
                                  ^
../src/fatfs_filesys.c:42:2: warning: implicit declaration of function 'Chip_IOCON_PinLocSel' [-Wimplicit-function-declaration]
  Chip_IOCON_PinLocSel(LPC_IOCON, IOCON_SCKLOC_PIO2_11);
  ^
../src/fatfs_filesys.c:42:34: error: 'IOCON_SCKLOC_PIO2_11' undeclared (first use in this function)
  Chip_IOCON_PinLocSel(LPC_IOCON, IOCON_SCKLOC_PIO2_11);
                                  ^
../src/fatfs_filesys.c: In function 'main':
../src/fatfs_filesys.c:48:2: warning: implicit declaration of function 'SystemCoreClockUpdate' [-Wimplicit-function-declaration]
  SystemCoreClockUpdate();
  ^
../src/fatfs_filesys.c:49:2: warning: implicit declaration of function 'Board_Init' [-Wimplicit-function-declaration]
  Board_Init();
  ^
../src/fatfs_filesys.c:50:2: warning: implicit declaration of function 'Chip_GPIO_Init' [-Wimplicit-function-declaration]
  Chip_GPIO_Init(LPC_GPIO);
  ^
../src/fatfs_filesys.c:50:17: error: 'LPC_GPIO' undeclared (first use in this function)
  Chip_GPIO_Init(LPC_GPIO);
                 ^
../src/fatfs_filesys.c:51:2: warning: implicit declaration of function 'Chip_UART_Init' [-Wimplicit-function-declaration]
  Chip_UART_Init(LPC_USART);
  ^
../src/fatfs_filesys.c:51:17: error: 'LPC_USART' undeclared (first use in this function)
  Chip_UART_Init(LPC_USART);
                 ^
../src/fatfs_filesys.c:53:2: warning: implicit declaration of function 'Board_LED_Set' [-Wimplicit-function-declaration]
  Board_LED_Set(0, false);
  ^
../src/fatfs_filesys.c:53:19: error: 'false' undeclared (first use in this function)
  Board_LED_Set(0, false);
                   ^
../src/fatfs_filesys.c:54:2: warning: implicit declaration of function 'Chip_SSP_Init' [-Wimplicit-function-declaration]
  Chip_SSP_Init(LPC_SSP);
  ^
../src/fatfs_filesys.c:24:27: error: 'LPC_SSP0' undeclared (first use in this function)
 #define LPC_SSP           LPC_SSP0
                           ^
../src/fatfs_filesys.c:54:16: note: in expansion of macro 'LPC_SSP'
  Chip_SSP_Init(LPC_SSP);
                ^
../src/fatfs_filesys.c:56:12: error: request for member 'frameFormat' in something not a structure or union
  ssp_format.frameFormat = SSP_FRAMEFORMAT_SPI;
            ^
../src/fatfs_filesys.c:56:27: error: 'SSP_FRAMEFORMAT_SPI' undeclared (first use in this function)
  ssp_format.frameFormat = SSP_FRAMEFORMAT_SPI;
                           ^
../src/fatfs_filesys.c:57:12: error: request for member 'bits' in something not a structure or union
  ssp_format.bits = SSP_DATA_BITS;
            ^
../src/fatfs_filesys.c:27:46: error: 'SSP_BITS_8' undeclared (first use in this function)
 #define SSP_DATA_BITS                       (SSP_BITS_8)
                                              ^
../src/fatfs_filesys.c:57:20: note: in expansion of macro 'SSP_DATA_BITS'
  ssp_format.bits = SSP_DATA_BITS;
                    ^
../src/fatfs_filesys.c:58:12: error: request for member 'clockMode' in something not a structure or union
  ssp_format.clockMode = SSP_CLOCK_MODE0;
            ^
../src/fatfs_filesys.c:58:25: error: 'SSP_CLOCK_MODE0' undeclared (first use in this function)
  ssp_format.clockMode = SSP_CLOCK_MODE0;
                         ^
../src/fatfs_filesys.c:59:2: warning: implicit declaration of function 'Chip_SSP_SetFormat' [-Wimplicit-function-declaration]
  Chip_SSP_SetFormat(LPC_SSP, ssp_format.bits, ssp_format.frameFormat, ssp_format.clockMode);
  ^
../src/fatfs_filesys.c:59:40: error: request for member 'bits' in something not a structure or union
  Chip_SSP_SetFormat(LPC_SSP, ssp_format.bits, ssp_format.frameFormat, ssp_format.clockMode);
                                        ^
../src/fatfs_filesys.c:59:57: error: request for member 'frameFormat' in something not a structure or union
  Chip_SSP_SetFormat(LPC_SSP, ssp_format.bits, ssp_format.frameFormat, ssp_format.clockMode);
                                                         ^
../src/fatfs_filesys.c:59:81: error: request for member 'clockMode' in something not a structure or union
  Chip_SSP_SetFormat(LPC_SSP, ssp_format.bits, ssp_format.frameFormat, ssp_format.clockMode);
                                                                                 ^
../src/fatfs_filesys.c:60:2: warning: implicit declaration of function 'Chip_SSP_SetMaster' [-Wimplicit-function-declaration]
  Chip_SSP_SetMaster(LPC_SSP, SSP_MODE_TEST);
  ^
../src/fatfs_filesys.c:61:2: warning: implicit declaration of function 'Chip_SSP_Enable' [-Wimplicit-function-declaration]
  Chip_SSP_Enable(LPC_SSP);
  ^
../src/fatfs_filesys.c:63:2: warning: implicit declaration of function 'Chip_UART_SetBaud' [-Wimplicit-function-declaration]
  Chip_UART_SetBaud(LPC_USART, 115200);
  ^
../src/fatfs_filesys.c:64:2: warning: implicit declaration of function 'Chip_UART_ConfigData' [-Wimplicit-function-declaration]
  Chip_UART_ConfigData(LPC_USART, (UART_LCR_WLEN8 | UART_LCR_SBS_1BIT));
  ^
../src/fatfs_filesys.c:64:35: error: 'UART_LCR_WLEN8' undeclared (first use in this function)
  Chip_UART_ConfigData(LPC_USART, (UART_LCR_WLEN8 | UART_LCR_SBS_1BIT));
                                   ^
../src/fatfs_filesys.c:64:52: error: 'UART_LCR_SBS_1BIT' undeclared (first use in this function)
  Chip_UART_ConfigData(LPC_USART, (UART_LCR_WLEN8 | UART_LCR_SBS_1BIT));
                                                    ^
../src/fatfs_filesys.c:65:2: warning: implicit declaration of function 'Chip_UART_SetupFIFOS' [-Wimplicit-function-declaration]
  Chip_UART_SetupFIFOS(LPC_USART, (UART_FCR_FIFO_EN | UART_FCR_TRG_LEV2));
  ^
../src/fatfs_filesys.c:65:35: error: 'UART_FCR_FIFO_EN' undeclared (first use in this function)
  Chip_UART_SetupFIFOS(LPC_USART, (UART_FCR_FIFO_EN | UART_FCR_TRG_LEV2));
                                   ^
../src/fatfs_filesys.c:65:54: error: 'UART_FCR_TRG_LEV2' undeclared (first use in this function)
  Chip_UART_SetupFIFOS(LPC_USART, (UART_FCR_FIFO_EN | UART_FCR_TRG_LEV2));
                                                      ^
../src/fatfs_filesys.c:66:2: warning: implicit declaration of function 'Chip_UART_TXEnable' [-Wimplicit-function-declaration]
  Chip_UART_TXEnable(LPC_USART);
  ^
../src/fatfs_filesys.c:68:2: warning: implicit declaration of function 'Board_UARTPutSTR' [-Wimplicit-function-declaration]
  Board_UARTPutSTR("hello world\n");
  ^
../src/fatfs_filesys.c:71:14: warning: implicit declaration of function 'malloc' [-Wimplicit-function-declaration]
  FATFS *fs = malloc(sizeof(FATFS));
              ^
../src/fatfs_filesys.c:71:14: warning: initialization makes pointer from integer without a cast [-Wint-conversion]
../src/fatfs_filesys.c:74:12: warning: initialization makes pointer from integer without a cast [-Wint-conversion]
  FIL *fp = malloc(sizeof(FIL));
            ^
../src/fatfs_filesys.c:78:27: warning: pointer targets in passing argument 4 of 'f_read' differ in signedness [-Wpointer-sign]
   if (f_read(fp, buf, 16, &j) == FR_OK) {
                           ^
In file included from ../src/fatfs_filesys.c:20:0:
/Users/vivaanbahl/Buggy/BuggyBuddies/LPC Libraries/ff13/source/ff.h:244:9: note: expected 'UINT * {aka unsigned int *}' but argument is of type 'int *'
 FRESULT f_read (FIL* fp, void* buff, UINT btr, UINT* br);   /* Read data from the file */
         ^
make: *** [src/fatfs_filesys.o] Error 1
19:39:11 **** Incremental Build of configuration Debug for project lpc_chip_11cxx_lib ****
make -r all 
make: Nothing to be done for `all'.
19:39:12 **** Incremental Build of configuration Debug for project nxp_lpcxpresso_11c24_board_lib ****
make -r all 
make: Nothing to be done for `all'.
19:39:13 **** Build of configuration Debug for project fatfs_filesys ****
make -r all 
Building file: ../src/cr_startup_lpc11xx.c
Invoking: MCU C Compiler
arm-none-eabi-gcc -DDEBUG -D__CODE_RED -DCORE_M0 -D__USE_LPCOPEN -D__LPC11XX__ -D__REDLIB__ -I"/Users/vivaanbahl/Buggy/BuggyBuddies/LPC Projects/fatfs_filesys/inc" -I"/Users/vivaanbahl/Buggy/BuggyBuddies/LPC Projects/nxp_lpcxpresso_11c24_board_lib/inc" -I"/Users/vivaanbahl/Buggy/BuggyBuddies/LPC Projects/lpc_chip_11cxx_lib/inc" -O0 -fno-common -g3 -Wall -c -fmessage-length=0 -fno-builtin -ffunction-sections -fdata-sections -mcpu=cortex-m0 -mthumb -specs=redlib.specs -MMD -MP -MF"src/cr_startup_lpc11xx.d" -MT"src/cr_startup_lpc11xx.o" -MT"src/cr_startup_lpc11xx.d" -o "src/cr_startup_lpc11xx.o" "../src/cr_startup_lpc11xx.c"
Finished building: ../src/cr_startup_lpc11xx.c
 
Building file: ../src/crp.c
Invoking: MCU C Compiler
arm-none-eabi-gcc -DDEBUG -D__CODE_RED -DCORE_M0 -D__USE_LPCOPEN -D__LPC11XX__ -D__REDLIB__ -I"/Users/vivaanbahl/Buggy/BuggyBuddies/LPC Projects/fatfs_filesys/inc" -I"/Users/vivaanbahl/Buggy/BuggyBuddies/LPC Projects/nxp_lpcxpresso_11c24_board_lib/inc" -I"/Users/vivaanbahl/Buggy/BuggyBuddies/LPC Projects/lpc_chip_11cxx_lib/inc" -O0 -fno-common -g3 -Wall -c -fmessage-length=0 -fno-builtin -ffunction-sections -fdata-sections -mcpu=cortex-m0 -mthumb -specs=redlib.specs -MMD -MP -MF"src/crp.d" -MT"src/crp.o" -MT"src/crp.d" -o "src/crp.o" "../src/crp.c"
Finished building: ../src/crp.c
 
Building file: ../src/fatfs_filesys.c
Invoking: MCU C Compiler
arm-none-eabi-gcc -DDEBUG -D__CODE_RED -DCORE_M0 -D__USE_LPCOPEN -D__LPC11XX__ -D__REDLIB__ -I"/Users/vivaanbahl/Buggy/BuggyBuddies/LPC Projects/fatfs_filesys/inc" -I"/Users/vivaanbahl/Buggy/BuggyBuddies/LPC Projects/nxp_lpcxpresso_11c24_board_lib/inc" -I"/Users/vivaanbahl/Buggy/BuggyBuddies/LPC Projects/lpc_chip_11cxx_lib/inc" -O0 -fno-common -g3 -Wall -c -fmessage-length=0 -fno-builtin -ffunction-sections -fdata-sections -mcpu=cortex-m0 -mthumb -specs=redlib.specs -MMD -MP -MF"src/fatfs_filesys.d" -MT"src/fatfs_filesys.o" -MT"src/fatfs_filesys.d" -o "src/fatfs_filesys.o" "../src/fatfs_filesys.c"
In file included from /Users/vivaanbahl/Buggy/BuggyBuddies/LPC Projects/lpc_chip_11cxx_lib/inc/chip.h:232:0,
                 from /Users/vivaanbahl/Buggy/BuggyBuddies/LPC Projects/nxp_lpcxpresso_11c24_board_lib/inc/board.h:35,
                 from ../src/fatfs_filesys.c:15:
/Users/vivaanbahl/Buggy/BuggyBuddies/LPC Projects/lpc_chip_11cxx_lib/inc/pmu_11xx.h:49:8: warning: missing terminating " character
 #error "LPC1125 support for the PMU driver is not ready
        ^
../src/fatfs_filesys.c: In function 'main':
../src/fatfs_filesys.c:71:14: warning: implicit declaration of function 'malloc' [-Wimplicit-function-declaration]
  FATFS *fs = malloc(sizeof(FATFS));
              ^
../src/fatfs_filesys.c:71:14: warning: initialization makes pointer from integer without a cast [-Wint-conversion]
../src/fatfs_filesys.c:74:12: warning: initialization makes pointer from integer without a cast [-Wint-conversion]
  FIL *fp = malloc(sizeof(FIL));
            ^
../src/fatfs_filesys.c:78:27: warning: pointer targets in passing argument 4 of 'f_read' differ in signedness [-Wpointer-sign]
   if (f_read(fp, buf, 16, &j) == FR_OK) {
                           ^
In file included from ../src/fatfs_filesys.c:20:0:
/Users/vivaanbahl/Buggy/BuggyBuddies/LPC Libraries/ff13/source/ff.h:244:9: note: expected 'UINT * {aka unsigned int *}' but argument is of type 'int *'
 FRESULT f_read (FIL* fp, void* buff, UINT btr, UINT* br);   /* Read data from the file */
         ^
Finished building: ../src/fatfs_filesys.c
 
Building file: ../src/sysinit.c
Invoking: MCU C Compiler
arm-none-eabi-gcc -DDEBUG -D__CODE_RED -DCORE_M0 -D__USE_LPCOPEN -D__LPC11XX__ -D__REDLIB__ -I"/Users/vivaanbahl/Buggy/BuggyBuddies/LPC Projects/fatfs_filesys/inc" -I"/Users/vivaanbahl/Buggy/BuggyBuddies/LPC Projects/nxp_lpcxpresso_11c24_board_lib/inc" -I"/Users/vivaanbahl/Buggy/BuggyBuddies/LPC Projects/lpc_chip_11cxx_lib/inc" -O0 -fno-common -g3 -Wall -c -fmessage-length=0 -fno-builtin -ffunction-sections -fdata-sections -mcpu=cortex-m0 -mthumb -specs=redlib.specs -MMD -MP -MF"src/sysinit.d" -MT"src/sysinit.o" -MT"src/sysinit.d" -o "src/sysinit.o" "../src/sysinit.c"
In file included from /Users/vivaanbahl/Buggy/BuggyBuddies/LPC Projects/lpc_chip_11cxx_lib/inc/chip.h:232:0,
                 from /Users/vivaanbahl/Buggy/BuggyBuddies/LPC Projects/nxp_lpcxpresso_11c24_board_lib/inc/board.h:35,
                 from ../src/sysinit.c:35:
/Users/vivaanbahl/Buggy/BuggyBuddies/LPC Projects/lpc_chip_11cxx_lib/inc/pmu_11xx.h:49:8: warning: missing terminating " character
 #error "LPC1125 support for the PMU driver is not ready
        ^
Finished building: ../src/sysinit.c
 
Building file: /Users/vivaanbahl/Buggy/BuggyBuddies/LPC Libraries/ff13/source/diskio.c
Invoking: MCU C Compiler
arm-none-eabi-gcc -DDEBUG -D__CODE_RED -DCORE_M0 -D__USE_LPCOPEN -D__LPC11XX__ -D__REDLIB__ -I"/Users/vivaanbahl/Buggy/BuggyBuddies/LPC Projects/fatfs_filesys/inc" -I"/Users/vivaanbahl/Buggy/BuggyBuddies/LPC Projects/nxp_lpcxpresso_11c24_board_lib/inc" -I"/Users/vivaanbahl/Buggy/BuggyBuddies/LPC Projects/lpc_chip_11cxx_lib/inc" -O0 -fno-common -g3 -Wall -c -fmessage-length=0 -fno-builtin -ffunction-sections -fdata-sections -mcpu=cortex-m0 -mthumb -specs=redlib.specs -MMD -MP -MF"source/diskio.d" -MT"source/diskio.o" -MT"source/diskio.d" -o "source/diskio.o" "/Users/vivaanbahl/Buggy/BuggyBuddies/LPC Libraries/ff13/source/diskio.c"
In file included from /Users/vivaanbahl/Buggy/BuggyBuddies/LPC Projects/lpc_chip_11cxx_lib/inc/chip.h:232:0,
                 from /Users/vivaanbahl/Buggy/BuggyBuddies/LPC Projects/nxp_lpcxpresso_11c24_board_lib/inc/board.h:35,
                 from /Users/vivaanbahl/Buggy/BuggyBuddies/LPC Libraries/ff13/source/diskio.c:11:
/Users/vivaanbahl/Buggy/BuggyBuddies/LPC Projects/lpc_chip_11cxx_lib/inc/pmu_11xx.h:49:8: warning: missing terminating " character
 #error "LPC1125 support for the PMU driver is not ready
        ^
/Users/vivaanbahl/Buggy/BuggyBuddies/LPC Libraries/ff13/source/diskio.c: In function 'disk_status':
/Users/vivaanbahl/Buggy/BuggyBuddies/LPC Libraries/ff13/source/diskio.c:30:6: warning: unused variable 'result' [-Wunused-variable]
  int result;
      ^
/Users/vivaanbahl/Buggy/BuggyBuddies/LPC Libraries/ff13/source/diskio.c: In function 'disk_initialize':
/Users/vivaanbahl/Buggy/BuggyBuddies/LPC Libraries/ff13/source/diskio.c:74:11: warning: variable 'argument' set but not used [-Wunused-but-set-variable]
  uint32_t argument;
           ^
/Users/vivaanbahl/Buggy/BuggyBuddies/LPC Libraries/ff13/source/diskio.c:72:6: warning: unused variable 'result' [-Wunused-variable]
  int result;
      ^
/Users/vivaanbahl/Buggy/BuggyBuddies/LPC Libraries/ff13/source/diskio.c: In function 'disk_read':
/Users/vivaanbahl/Buggy/BuggyBuddies/LPC Libraries/ff13/source/diskio.c:206:6: warning: unused variable 'result' [-Wunused-variable]
  int result;
      ^
/Users/vivaanbahl/Buggy/BuggyBuddies/LPC Libraries/ff13/source/diskio.c: In function 'disk_write':
/Users/vivaanbahl/Buggy/BuggyBuddies/LPC Libraries/ff13/source/diskio.c:284:6: warning: unused variable 'result' [-Wunused-variable]
  int result;
      ^
/Users/vivaanbahl/Buggy/BuggyBuddies/LPC Libraries/ff13/source/diskio.c: In function 'disk_ioctl':
/Users/vivaanbahl/Buggy/BuggyBuddies/LPC Libraries/ff13/source/diskio.c:332:6: warning: unused variable 'result' [-Wunused-variable]
  int result;
      ^
/Users/vivaanbahl/Buggy/BuggyBuddies/LPC Libraries/ff13/source/diskio.c: In function 'disk_status':
/Users/vivaanbahl/Buggy/BuggyBuddies/LPC Libraries/ff13/source/diskio.c:38:10: warning: 'stat' may be used uninitialized in this function [-Wmaybe-uninitialized]
   return stat;
          ^
/Users/vivaanbahl/Buggy/BuggyBuddies/LPC Libraries/ff13/source/diskio.c: In function 'disk_initialize':
/Users/vivaanbahl/Buggy/BuggyBuddies/LPC Libraries/ff13/source/diskio.c:82:10: warning: 'stat' may be used uninitialized in this function [-Wmaybe-uninitialized]
   return stat;
          ^
/Users/vivaanbahl/Buggy/BuggyBuddies/LPC Libraries/ff13/source/diskio.c: In function 'disk_read':
/Users/vivaanbahl/Buggy/BuggyBuddies/LPC Libraries/ff13/source/diskio.c:216:10: warning: 'res' may be used uninitialized in this function [-Wmaybe-uninitialized]
   return res;
          ^
/Users/vivaanbahl/Buggy/BuggyBuddies/LPC Libraries/ff13/source/diskio.c: In function 'disk_write':
/Users/vivaanbahl/Buggy/BuggyBuddies/LPC Libraries/ff13/source/diskio.c:294:10: warning: 'res' may be used uninitialized in this function [-Wmaybe-uninitialized]
   return res;
          ^
/Users/vivaanbahl/Buggy/BuggyBuddies/LPC Libraries/ff13/source/diskio.c: In function 'disk_ioctl':
/Users/vivaanbahl/Buggy/BuggyBuddies/LPC Libraries/ff13/source/diskio.c:339:10: warning: 'res' may be used uninitialized in this function [-Wmaybe-uninitialized]
   return res;
          ^
Finished building: /Users/vivaanbahl/Buggy/BuggyBuddies/LPC Libraries/ff13/source/diskio.c
 
Building file: /Users/vivaanbahl/Buggy/BuggyBuddies/LPC Libraries/ff13/source/ff.c
Invoking: MCU C Compiler
arm-none-eabi-gcc -DDEBUG -D__CODE_RED -DCORE_M0 -D__USE_LPCOPEN -D__LPC11XX__ -D__REDLIB__ -I"/Users/vivaanbahl/Buggy/BuggyBuddies/LPC Projects/fatfs_filesys/inc" -I"/Users/vivaanbahl/Buggy/BuggyBuddies/LPC Projects/nxp_lpcxpresso_11c24_board_lib/inc" -I"/Users/vivaanbahl/Buggy/BuggyBuddies/LPC Projects/lpc_chip_11cxx_lib/inc" -O0 -fno-common -g3 -Wall -c -fmessage-length=0 -fno-builtin -ffunction-sections -fdata-sections -mcpu=cortex-m0 -mthumb -specs=redlib.specs -MMD -MP -MF"source/ff.d" -MT"source/ff.o" -MT"source/ff.d" -o "source/ff.o" "/Users/vivaanbahl/Buggy/BuggyBuddies/LPC Libraries/ff13/source/ff.c"
Finished building: /Users/vivaanbahl/Buggy/BuggyBuddies/LPC Libraries/ff13/source/ff.c
 
Building file: /Users/vivaanbahl/Buggy/BuggyBuddies/LPC Libraries/ff13/source/ffsystem.c
Invoking: MCU C Compiler
arm-none-eabi-gcc -DDEBUG -D__CODE_RED -DCORE_M0 -D__USE_LPCOPEN -D__LPC11XX__ -D__REDLIB__ -I"/Users/vivaanbahl/Buggy/BuggyBuddies/LPC Projects/fatfs_filesys/inc" -I"/Users/vivaanbahl/Buggy/BuggyBuddies/LPC Projects/nxp_lpcxpresso_11c24_board_lib/inc" -I"/Users/vivaanbahl/Buggy/BuggyBuddies/LPC Projects/lpc_chip_11cxx_lib/inc" -O0 -fno-common -g3 -Wall -c -fmessage-length=0 -fno-builtin -ffunction-sections -fdata-sections -mcpu=cortex-m0 -mthumb -specs=redlib.specs -MMD -MP -MF"source/ffsystem.d" -MT"source/ffsystem.o" -MT"source/ffsystem.d" -o "source/ffsystem.o" "/Users/vivaanbahl/Buggy/BuggyBuddies/LPC Libraries/ff13/source/ffsystem.c"
/Users/vivaanbahl/Buggy/BuggyBuddies/LPC Libraries/ff13/source/ffsystem.c:44:1: warning: "/*" within comment [-Wcomment]
 /*------------------------------------------------------------------------*/
 ^
Finished building: /Users/vivaanbahl/Buggy/BuggyBuddies/LPC Libraries/ff13/source/ffsystem.c
 
Building file: /Users/vivaanbahl/Buggy/BuggyBuddies/LPC Libraries/ff13/source/ffunicode.c
Invoking: MCU C Compiler
arm-none-eabi-gcc -DDEBUG -D__CODE_RED -DCORE_M0 -D__USE_LPCOPEN -D__LPC11XX__ -D__REDLIB__ -I"/Users/vivaanbahl/Buggy/BuggyBuddies/LPC Projects/fatfs_filesys/inc" -I"/Users/vivaanbahl/Buggy/BuggyBuddies/LPC Projects/nxp_lpcxpresso_11c24_board_lib/inc" -I"/Users/vivaanbahl/Buggy/BuggyBuddies/LPC Projects/lpc_chip_11cxx_lib/inc" -O0 -fno-common -g3 -Wall -c -fmessage-length=0 -fno-builtin -ffunction-sections -fdata-sections -mcpu=cortex-m0 -mthumb -specs=redlib.specs -MMD -MP -MF"source/ffunicode.d" -MT"source/ffunicode.o" -MT"source/ffunicode.d" -o "source/ffunicode.o" "/Users/vivaanbahl/Buggy/BuggyBuddies/LPC Libraries/ff13/source/ffunicode.c"
Finished building: /Users/vivaanbahl/Buggy/BuggyBuddies/LPC Libraries/ff13/source/ffunicode.c
 
Building target: fatfs_filesys.axf
Invoking: MCU Linker
arm-none-eabi-gcc -nostdlib -L"/Users/vivaanbahl/Buggy/BuggyBuddies/LPC Projects/nxp_lpcxpresso_11c24_board_lib/Debug" -L"/Users/vivaanbahl/Buggy/BuggyBuddies/LPC Projects/lpc_chip_11cxx_lib/Debug" -Xlinker -Map="fatfs_filesys.map" -Xlinker --gc-sections -Xlinker -print-memory-usage -mcpu=cortex-m0 -mthumb -T "fatfs_filesys_Debug.ld" -o "fatfs_filesys.axf"  ./src/cr_startup_lpc11xx.o ./src/crp.o ./src/fatfs_filesys.o ./src/sysinit.o  ./source/diskio.o ./source/ff.o ./source/ffsystem.o ./source/ffunicode.o   -lnxp_lpcxpresso_11c24_board_lib -llpc_chip_11cxx_lib
Memory region         Used Size  Region Size  %age Used
        MFlash32:       15888 B        32 KB     48.49%
         RamLoc8:        6568 B         8 KB     80.18%
Finished building target: fatfs_filesys.axf
 
make --no-print-directory post-build
Performing post-build steps
arm-none-eabi-size "fatfs_filesys.axf"; # arm-none-eabi-objcopy -v -O binary "fatfs_filesys.axf" "fatfs_filesys.bin" ; # checksum -p LPC11C24_301 -d "fatfs_filesys.bin";
   text	   data	    bss	    dec	    hex	filename
  15888	      0	   6568	  22456	   57b8	fatfs_filesys.axf
 
