20:08:21 **** Build of configuration Debug for project helloworld ****
make -r all 
Building file: ../src/cr_startup_lpc11xx.c
Invoking: MCU C Compiler
arm-none-eabi-gcc -DDEBUG -D__CODE_RED -DCORE_M0 -D__USE_LPCOPEN -D__LPC11XX__ -D__REDLIB__ -I"/Users/vivaanbahl/Buggy/BuggyBuddies/LPC Projects/helloworld/inc" -I"/Users/vivaanbahl/Buggy/BuggyBuddies/LPC Projects/nxp_lpcxpresso_11c24_board_lib/inc" -I"/Users/vivaanbahl/Buggy/BuggyBuddies/LPC Projects/lpc_chip_11cxx_lib/inc" -O0 -fno-common -g3 -Wall -c -fmessage-length=0 -fno-builtin -ffunction-sections -fdata-sections -mcpu=cortex-m0 -mthumb -specs=redlib.specs -MMD -MP -MF"src/cr_startup_lpc11xx.d" -MT"src/cr_startup_lpc11xx.o" -MT"src/cr_startup_lpc11xx.d" -o "src/cr_startup_lpc11xx.o" "../src/cr_startup_lpc11xx.c"
Finished building: ../src/cr_startup_lpc11xx.c
 
Building file: ../src/crp.c
Invoking: MCU C Compiler
arm-none-eabi-gcc -DDEBUG -D__CODE_RED -DCORE_M0 -D__USE_LPCOPEN -D__LPC11XX__ -D__REDLIB__ -I"/Users/vivaanbahl/Buggy/BuggyBuddies/LPC Projects/helloworld/inc" -I"/Users/vivaanbahl/Buggy/BuggyBuddies/LPC Projects/nxp_lpcxpresso_11c24_board_lib/inc" -I"/Users/vivaanbahl/Buggy/BuggyBuddies/LPC Projects/lpc_chip_11cxx_lib/inc" -O0 -fno-common -g3 -Wall -c -fmessage-length=0 -fno-builtin -ffunction-sections -fdata-sections -mcpu=cortex-m0 -mthumb -specs=redlib.specs -MMD -MP -MF"src/crp.d" -MT"src/crp.o" -MT"src/crp.d" -o "src/crp.o" "../src/crp.c"
Finished building: ../src/crp.c
 
Building file: ../src/helloworld.c
Invoking: MCU C Compiler
arm-none-eabi-gcc -DDEBUG -D__CODE_RED -DCORE_M0 -D__USE_LPCOPEN -D__LPC11XX__ -D__REDLIB__ -I"/Users/vivaanbahl/Buggy/BuggyBuddies/LPC Projects/helloworld/inc" -I"/Users/vivaanbahl/Buggy/BuggyBuddies/LPC Projects/nxp_lpcxpresso_11c24_board_lib/inc" -I"/Users/vivaanbahl/Buggy/BuggyBuddies/LPC Projects/lpc_chip_11cxx_lib/inc" -O0 -fno-common -g3 -Wall -c -fmessage-length=0 -fno-builtin -ffunction-sections -fdata-sections -mcpu=cortex-m0 -mthumb -specs=redlib.specs -MMD -MP -MF"src/helloworld.d" -MT"src/helloworld.o" -MT"src/helloworld.d" -o "src/helloworld.o" "../src/helloworld.c"
In file included from /Users/vivaanbahl/Buggy/BuggyBuddies/LPC Projects/lpc_chip_11cxx_lib/inc/chip.h:232:0,
                 from /Users/vivaanbahl/Buggy/BuggyBuddies/LPC Projects/nxp_lpcxpresso_11c24_board_lib/inc/board.h:35,
                 from ../src/helloworld.c:15:
/Users/vivaanbahl/Buggy/BuggyBuddies/LPC Projects/lpc_chip_11cxx_lib/inc/pmu_11xx.h:49:8: warning: missing terminating " character
 #error "LPC1125 support for the PMU driver is not ready
        ^
Finished building: ../src/helloworld.c
 
Building file: ../src/sysinit.c
Invoking: MCU C Compiler
arm-none-eabi-gcc -DDEBUG -D__CODE_RED -DCORE_M0 -D__USE_LPCOPEN -D__LPC11XX__ -D__REDLIB__ -I"/Users/vivaanbahl/Buggy/BuggyBuddies/LPC Projects/helloworld/inc" -I"/Users/vivaanbahl/Buggy/BuggyBuddies/LPC Projects/nxp_lpcxpresso_11c24_board_lib/inc" -I"/Users/vivaanbahl/Buggy/BuggyBuddies/LPC Projects/lpc_chip_11cxx_lib/inc" -O0 -fno-common -g3 -Wall -c -fmessage-length=0 -fno-builtin -ffunction-sections -fdata-sections -mcpu=cortex-m0 -mthumb -specs=redlib.specs -MMD -MP -MF"src/sysinit.d" -MT"src/sysinit.o" -MT"src/sysinit.d" -o "src/sysinit.o" "../src/sysinit.c"
In file included from /Users/vivaanbahl/Buggy/BuggyBuddies/LPC Projects/lpc_chip_11cxx_lib/inc/chip.h:232:0,
                 from /Users/vivaanbahl/Buggy/BuggyBuddies/LPC Projects/nxp_lpcxpresso_11c24_board_lib/inc/board.h:35,
                 from ../src/sysinit.c:35:
/Users/vivaanbahl/Buggy/BuggyBuddies/LPC Projects/lpc_chip_11cxx_lib/inc/pmu_11xx.h:49:8: warning: missing terminating " character
 #error "LPC1125 support for the PMU driver is not ready
        ^
Finished building: ../src/sysinit.c
 
Building target: helloworld.axf
Invoking: MCU Linker
arm-none-eabi-gcc -nostdlib -L"/Users/vivaanbahl/Buggy/BuggyBuddies/LPC Projects/nxp_lpcxpresso_11c24_board_lib/Debug" -L"/Users/vivaanbahl/Buggy/BuggyBuddies/LPC Projects/lpc_chip_11cxx_lib/Debug" -Xlinker -Map="helloworld.map" -Xlinker --gc-sections -Xlinker -print-memory-usage -mcpu=cortex-m0 -mthumb -T "helloworld_Debug.ld" -o "helloworld.axf"  ./src/cr_startup_lpc11xx.o ./src/crp.o ./src/helloworld.o ./src/sysinit.o   -lnxp_lpcxpresso_11c24_board_lib -llpc_chip_11cxx_lib
Memory region         Used Size  Region Size  %age Used
        MFlash32:        4448 B        32 KB     13.57%
         RamLoc8:           4 B         8 KB      0.05%
Finished building target: helloworld.axf
 
make --no-print-directory post-build
Performing post-build steps
arm-none-eabi-size "helloworld.axf"; # arm-none-eabi-objcopy -v -O binary "helloworld.axf" "helloworld.bin" ; # checksum -p LPC11C24_301 -d "helloworld.bin";
   text	   data	    bss	    dec	    hex	filename
   4448	      0	      4	   4452	   1164	helloworld.axf
 

20:08:22 Build Finished (took 652ms)

